
PROGRAM "C:\Users\Administrator\Desktop\Cockpit_Control_Unit\bin\P&E_Multilink_CyclonePro.abs"

*********************************************************************************************
TARGET SECTION
---------------------------------------------------------------------------------------------
Processor   : Freescale HC12
Memory Model: BANKED
File Format : ELF\DWARF 2.0
Linker      : SmartLinker V-5.0.40 Build 10203, Jul 23 2010

*********************************************************************************************
FILE SECTION
---------------------------------------------------------------------------------------------
VehCo.c.o                               Model: BANKED,        Lang: ANSI-C
Intpol.c.o (HardwareLib.lib)            Model: BANKED,        Lang: ANSI-C
SysCon.c.o (HardwareLib.lib)            Model: BANKED,        Lang: ANSI-C
DIODrv.c.o (HardwareLib.lib)            Model: BANKED,        Lang: ANSI-C
ATDDrv.c.o (HardwareLib.lib)            Model: BANKED,        Lang: ANSI-C
SPIDrv.c.o (HardwareLib.lib)            Model: BANKED,        Lang: ANSI-C
SCIDrv.c.o (HardwareLib.lib)            Model: BANKED,        Lang: ANSI-C
MSCANDrv.c.o (HardwareLib.lib)          Model: BANKED,        Lang: ANSI-C
EEPROMDrv.c.o (HardwareLib.lib)         Model: BANKED,        Lang: ANSI-C
RAMDrv.c.o (HardwareLib.lib)            Model: BANKED,        Lang: ANSI-C
xgate.cxgate.o (HardwareLib.lib)        Model: Unknown Model, Lang: ANSI-C
ECTDrv.c.o (HardwareLib.lib)            Model: BANKED,        Lang: ANSI-C
PITDrv.c.o (HardwareLib.lib)            Model: BANKED,        Lang: ANSI-C
CRGDrv.c.o (HardwareLib.lib)            Model: BANKED,        Lang: ANSI-C
DataMgr.c.o (HardwareLib.lib)           Model: BANKED,        Lang: ANSI-C
ComLib.c.o (HardwareLib.lib)            Model: BANKED,        Lang: ANSI-C
L9825Drv.c.o (HardwareLib.lib)          Model: BANKED,        Lang: ANSI-C
HardwareDrv.C.o (HardwareLib.lib)       Model: BANKED,        Lang: ANSI-C
FlashDrv.c.o (HardwareLib.lib)          Model: BANKED,        Lang: ANSI-C
datapage.c.o (HardwareLib.lib)          Model: BANKED,        Lang: ANSI-C
main.c.o (HardwareLib.lib)              Model: BANKED,        Lang: ANSI-C
EEPROMData.c.o (HardwareLib.lib)        Model: BANKED,        Lang: ANSI-C
EOLData.c.o (HardwareLib.lib)           Model: BANKED,        Lang: ANSI-C
rtsxgate.cxgate.o (HardwareLib.lib)     Model: Unknown Model, Lang: ANSI-C
mc9s12xep100.c.o (HardwareLib.lib)      Model: BANKED,        Lang: ANSI-C
MemDrv.c.o (HardwareLib.lib)            Model: BANKED,        Lang: ANSI-C
ECUSN.c.o (HardwareLib.lib)             Model: BANKED,        Lang: ANSI-C
Start12.c.o (HardwareLib.lib)           Model: BANKED,        Lang: ANSI-C
ccp.c.o (HardwareLib.lib)               Model: BANKED,        Lang: ANSI-C
ECUTest.c.o (HardwareLib.lib)           Model: BANKED,        Lang: ANSI-C
KWP2000.c.o (HardwareLib.lib)           Model: BANKED,        Lang: ANSI-C
KWPCAN.c.o (HardwareLib.lib)            Model: BANKED,        Lang: ANSI-C
PWMDrv.c.o (HardwareLib.lib)            Model: BANKED,        Lang: ANSI-C
rtshc12.c.o (HardwareLib.lib)           Model: BANKED,        Lang: ANSI-C
PSWTDrv.c.o (HardwareLib.lib)           Model: BANKED,        Lang: ANSI-C
STDLIB.C.o (HardwareLib.lib)            Model: BANKED,        Lang: ANSI-C
STRING.C.o (HardwareLib.lib)            Model: BANKED,        Lang: ANSI-C
DCONV.C.o (HardwareLib.lib)             Model: BANKED,        Lang: ANSI-C
DMUL.C.o (HardwareLib.lib)              Model: BANKED,        Lang: ANSI-C
DREGS.C.o (HardwareLib.lib)             Model: BANKED,        Lang: ANSI-C
VREGS.C.o (HardwareLib.lib)             Model: BANKED,        Lang: ANSI-C
Bootloader.c.o (HardwareLib.lib)        Model: BANKED,        Lang: ANSI-C
Vehicle.c.o (HardwareLib.lib)           Model: BANKED,        Lang: ANSI-C
BattCD.c.o (HardwareLib.lib)            Model: BANKED,        Lang: ANSI-C
MainRelay.c.o (HardwareLib.lib)         Model: BANKED,        Lang: ANSI-C
VehCo.c.o (HardwareLib.lib)             Model: BANKED,        Lang: ANSI-C
BTS724Drv.c.o (HardwareLib.lib)         Model: BANKED,        Lang: ANSI-C
TIMDrv.c.o (HardwareLib.lib)            Model: BANKED,        Lang: ANSI-C
CANNet.c.o                              Model: BANKED,        Lang: ANSI-C
EOLData.c.o                             Model: BANKED,        Lang: ANSI-C
Map.c.o                                 Model: BANKED,        Lang: ANSI-C
Vin_Interface_conversion.c.o            Model: BANKED,        Lang: ANSI-C
VehCo_Type.c.o                          Model: BANKED,        Lang: ANSI-C

*********************************************************************************************
STARTUP SECTION
---------------------------------------------------------------------------------------------
Entry point: 0xC000 (_Startup)
_startupData is allocated at 0xC009 and uses 6 Bytes
extern struct _tagStartup {
  unsigned nofZeroOut     7
  _Range   pZeroOut       0x2200     1576
                          0x3FB8     71
                          0xF01000     1
                          0xF41000     2154
                          0xF81100     3600
                          0xFD1C00     1
                          0xFD1E00     1
  _Copy    *toCopyDownBeg 0xCA8A
} _startupData;

*********************************************************************************************
SECTION-ALLOCATION SECTION
Section Name                    Size  Type     From       To       Segment
---------------------------------------------------------------------------------------------
.init                              9     R     0xC000     0xC008   ROM_C000
.startData                       101     R     0xC009     0xC06D   ROM_C000
.rodata                          512     R     0xC06E     0xC26D   ROM_C000
NON_BANKED                      2076     R     0xC26E     0xCA89   ROM_C000
.copy                           3629     R     0xCA8A     0xD8B6   ROM_C000
INT_FUNCTION                    3286     R     0x4100     0x4DD5   ROM_4100
NEW_VECTORS                      256     R     0x4000     0x40FF   ROM_4000
PARAMETERS_ROM1                 1103     R   0xF48000   0xF4844E   PAGE_F4
.text                          10172     R   0xF38000   0xF3A7BB   PAGE_F3
CODE_VERIFY_BACK                7048     R   0xFCA000   0xFCBB87   PAGE_FC_VERIFY
CODE_VERIFY                     7048     R   0xFE8000   0xFE9B87   PAGE_FE_VERIFY
DATA_VERIFY1                      70     R   0xFEA000   0xFEA045   PAGE_FE_1
ECUSN_FLASH                       20     R   0xC0BC00   0xC0BC13   FLASH_ECUSN
STARTCODE_FLASH                  145     R     0xFC00     0xFC90   ROM_VECTORS
BOOTLOADER_CONST                 544     R   0xC18000   0xC1821F   PAGE_C1
BOOTLOADER_PIC_FLASH             443     R   0xC18220   0xC183DA   PAGE_C1
BOOTLOADER_FLASH                9807     R   0xC183DB   0xC1AA29   PAGE_C1
EOLENG_FLASH                       4     R   0xF3A800   0xF3A803   ROM_EOLENG
EOLVEH_FLASH                     220     R   0xF3B000   0xF3B0DB   ROM_EOLVEH
EOLOTHER_FLASH                     4     R   0xF3B800   0xF3B803   ROM_EOLOTHER
.stack                           512   R/W     0x2000     0x21FF   RAM
.data                             17   R/W     0x2200     0x2210   RAM
BOOTLOADER_RAM                    71   R/W     0x3FB8     0x3FFE   RAM_DEFAULT_2
OTHERPAGE_RAM                   2154   R/W   0xF41000   0xF41869   RAM_F4
BOOTLOADER_PIC_RAM                 1   R/W   0xFD1C00   0xFD1C00   RAM_FD_FLASHPROGRAM
TEST_RAM                           1   R/W   0xFD1E00   0xFD1E00   RAM_FD_TEST
XGATE_VECTORS                    452   R/W   0xF81100   0xF812C3   RAM_F8
XGATE_CODE                      3148   R/W   0xF812C4   0xF81F0F   RAM_F8
PARAMETERS_RAM                     1   R/W   0xF01000   0xF01000   RAM_F0
RUNPAR_EEPROM                      2     R   0xFC0800   0xFC0801   EEPROM_FC
OTHERINFO_EEPROM                 249     R   0xFD0A00   0xFD0AF8   EEPROM_OTHERINFO
RUNINFO_COPY_EEPROM               26     R   0xFE0808   0xFE0821   EEPROM_RUNINFO_COPY
RUNINFO_COPY_VERIFY_EEPROM          7     R   0xFE0800   0xFE0806   EEPROM_RUNINFO_COPY_VERIFY
RUNINFO_EEPROM                     8     R   0xFE0A00   0xFE0A07   EEPROM_RUNFINFO
OTHERINFO_FLASH                  249     R   0xC08600   0xC086F8   FLASH_OTHERINFO
RUNINFO_COPY_FLASH                26     R   0xC08808   0xC08821   FLASH_RUNINFO_COPY
RUNINFO_COPY_VERIFY_FLASH          7     R   0xC08800   0xC08806   FLASH_RUNINFO_COPY_VERIFY
RUNINFO_FLASH                      8     R   0xC08A00   0xC08A07   FLASH_RUNFINFO
.abs_section_8                     1   N/I        0x8        0x8   .absSeg0
.abs_section_9                     1   N/I        0x9        0x9   .absSeg1
.abs_section_a                     1   N/I        0xA        0xA   .absSeg2
.abs_section_b                     1   N/I        0xB        0xB   .absSeg3
.abs_section_c                     1   N/I        0xC        0xC   .absSeg4
.abs_section_d                     1   N/I        0xD        0xD   .absSeg5
.abs_section_e                     1   N/I        0xE        0xE   .absSeg6
.abs_section_f                     1   N/I        0xF        0xF   .absSeg7
.abs_section_10                    1   N/I       0x10       0x10   .absSeg8
.abs_section_11                    1   N/I       0x11       0x11   .absSeg9
.abs_section_13                    1   N/I       0x13       0x13   .absSeg10
.abs_section_15                    1   N/I       0x15       0x15   .absSeg11
.abs_section_16                    1   N/I       0x16       0x16   .absSeg12
.abs_section_17                    1   N/I       0x17       0x17   .absSeg13
.abs_section_1c                    1   N/I       0x1C       0x1C   .absSeg14
.abs_section_1e                    1   N/I       0x1E       0x1E   .absSeg15
.abs_section_20                    1   N/I       0x20       0x20   .absSeg16
.abs_section_21                    1   N/I       0x21       0x21   .absSeg17
.abs_section_22                    1   N/I       0x22       0x22   .absSeg18
.abs_section_23                    1   N/I       0x23       0x23   .absSeg19
.abs_section_26                    1   N/I       0x26       0x26   .absSeg20
.abs_section_27                    1   N/I       0x27       0x27   .absSeg21
.abs_section_28                    1   N/I       0x28       0x28   .absSeg22
.abs_section_29                    1   N/I       0x29       0x29   .absSeg23
.abs_section_2a                    1   N/I       0x2A       0x2A   .absSeg24
.abs_section_2b                    1   N/I       0x2B       0x2B   .absSeg25
.abs_section_2c                    1   N/I       0x2C       0x2C   .absSeg26
.abs_section_2d                    1   N/I       0x2D       0x2D   .absSeg27
.abs_section_2e                    1   N/I       0x2E       0x2E   .absSeg28
.abs_section_2f                    1   N/I       0x2F       0x2F   .absSeg29
.abs_section_32                    1   N/I       0x32       0x32   .absSeg30
.abs_section_33                    1   N/I       0x33       0x33   .absSeg31
.abs_section_34                    1   N/I       0x34       0x34   .absSeg32
.abs_section_35                    1   N/I       0x35       0x35   .absSeg33
.abs_section_36                    1   N/I       0x36       0x36   .absSeg34
.abs_section_37                    1   N/I       0x37       0x37   .absSeg35
.abs_section_38                    1   N/I       0x38       0x38   .absSeg36
.abs_section_39                    1   N/I       0x39       0x39   .absSeg37
.abs_section_3a                    1   N/I       0x3A       0x3A   .absSeg38
.abs_section_3b                    1   N/I       0x3B       0x3B   .absSeg39
.abs_section_3c                    1   N/I       0x3C       0x3C   .absSeg40
.abs_section_3f                    1   N/I       0x3F       0x3F   .absSeg41
.abs_section_40                    1   N/I       0x40       0x40   .absSeg42
.abs_section_41                    1   N/I       0x41       0x41   .absSeg43
.abs_section_42                    1   N/I       0x42       0x42   .absSeg44
.abs_section_43                    1   N/I       0x43       0x43   .absSeg45
.abs_section_46                    1   N/I       0x46       0x46   .absSeg46
.abs_section_47                    1   N/I       0x47       0x47   .absSeg47
.abs_section_48                    1   N/I       0x48       0x48   .absSeg48
.abs_section_49                    1   N/I       0x49       0x49   .absSeg49
.abs_section_4a                    1   N/I       0x4A       0x4A   .absSeg50
.abs_section_4b                    1   N/I       0x4B       0x4B   .absSeg51
.abs_section_4c                    1   N/I       0x4C       0x4C   .absSeg52
.abs_section_4d                    1   N/I       0x4D       0x4D   .absSeg53
.abs_section_4e                    1   N/I       0x4E       0x4E   .absSeg54
.abs_section_4f                    1   N/I       0x4F       0x4F   .absSeg55
.abs_section_60                    1   N/I       0x60       0x60   .absSeg56
.abs_section_61                    1   N/I       0x61       0x61   .absSeg57
.abs_section_66                    1   N/I       0x66       0x66   .absSeg58
.abs_section_67                    1   N/I       0x67       0x67   .absSeg59
.abs_section_68                    1   N/I       0x68       0x68   .absSeg60
.abs_section_69                    1   N/I       0x69       0x69   .absSeg61
.abs_section_6a                    1   N/I       0x6A       0x6A   .absSeg62
.abs_section_6b                    1   N/I       0x6B       0x6B   .absSeg63
.abs_section_6c                    1   N/I       0x6C       0x6C   .absSeg64
.abs_section_6e                    1   N/I       0x6E       0x6E   .absSeg65
.abs_section_6f                    1   N/I       0x6F       0x6F   .absSeg66
.abs_section_70                    1   N/I       0x70       0x70   .absSeg67
.abs_section_71                    1   N/I       0x71       0x71   .absSeg68
.abs_section_86                    1   N/I       0x86       0x86   .absSeg69
.abs_section_b0                    1   N/I       0xB0       0xB0   .absSeg70
.abs_section_b1                    1   N/I       0xB1       0xB1   .absSeg71
.abs_section_b2                    1   N/I       0xB2       0xB2   .absSeg72
.abs_section_b3                    1   N/I       0xB3       0xB3   .absSeg73
.abs_section_b4                    1   N/I       0xB4       0xB4   .absSeg74
.abs_section_b5                    1   N/I       0xB5       0xB5   .absSeg75
.abs_section_ba                    1   N/I       0xBA       0xBA   .absSeg76
.abs_section_bb                    1   N/I       0xBB       0xBB   .absSeg77
.abs_section_bc                    1   N/I       0xBC       0xBC   .absSeg78
.abs_section_bd                    1   N/I       0xBD       0xBD   .absSeg79
.abs_section_be                    1   N/I       0xBE       0xBE   .absSeg80
.abs_section_bf                    1   N/I       0xBF       0xBF   .absSeg81
.abs_section_c2                    1   N/I       0xC2       0xC2   .absSeg82
.abs_section_c3                    1   N/I       0xC3       0xC3   .absSeg83
.abs_section_c4                    1   N/I       0xC4       0xC4   .absSeg84
.abs_section_c5                    1   N/I       0xC5       0xC5   .absSeg85
.abs_section_c6                    1   N/I       0xC6       0xC6   .absSeg86
.abs_section_c7                    1   N/I       0xC7       0xC7   .absSeg87
.abs_section_ca                    1   N/I       0xCA       0xCA   .absSeg88
.abs_section_cb                    1   N/I       0xCB       0xCB   .absSeg89
.abs_section_cc                    1   N/I       0xCC       0xCC   .absSeg90
.abs_section_cd                    1   N/I       0xCD       0xCD   .absSeg91
.abs_section_ce                    1   N/I       0xCE       0xCE   .absSeg92
.abs_section_cf                    1   N/I       0xCF       0xCF   .absSeg93
.abs_section_d2                    1   N/I       0xD2       0xD2   .absSeg94
.abs_section_d3                    1   N/I       0xD3       0xD3   .absSeg95
.abs_section_d4                    1   N/I       0xD4       0xD4   .absSeg96
.abs_section_d5                    1   N/I       0xD5       0xD5   .absSeg97
.abs_section_d6                    1   N/I       0xD6       0xD6   .absSeg98
.abs_section_d7                    1   N/I       0xD7       0xD7   .absSeg99
.abs_section_d8                    1   N/I       0xD8       0xD8   .absSeg100
.abs_section_d9                    1   N/I       0xD9       0xD9   .absSeg101
.abs_section_da                    1   N/I       0xDA       0xDA   .absSeg102
.abs_section_db                    1   N/I       0xDB       0xDB   .absSeg103
.abs_section_e0                    1   N/I       0xE0       0xE0   .absSeg104
.abs_section_e1                    1   N/I       0xE1       0xE1   .absSeg105
.abs_section_e2                    1   N/I       0xE2       0xE2   .absSeg106
.abs_section_e3                    1   N/I       0xE3       0xE3   .absSeg107
.abs_section_e4                    1   N/I       0xE4       0xE4   .absSeg108
.abs_section_e5                    1   N/I       0xE5       0xE5   .absSeg109
.abs_section_f0                    1   N/I       0xF0       0xF0   .absSeg110
.abs_section_f1                    1   N/I       0xF1       0xF1   .absSeg111
.abs_section_f2                    1   N/I       0xF2       0xF2   .absSeg112
.abs_section_f3                    1   N/I       0xF3       0xF3   .absSeg113
.abs_section_f8                    1   N/I       0xF8       0xF8   .absSeg114
.abs_section_f9                    1   N/I       0xF9       0xF9   .absSeg115
.abs_section_fa                    1   N/I       0xFA       0xFA   .absSeg116
.abs_section_fb                    1   N/I       0xFB       0xFB   .absSeg117
.abs_section_100                   1   N/I      0x100      0x100   .absSeg118
.abs_section_101                   1   N/I      0x101      0x101   .absSeg119
.abs_section_102                   1   N/I      0x102      0x102   .absSeg120
.abs_section_103                   1   N/I      0x103      0x103   .absSeg121
.abs_section_104                   1   N/I      0x104      0x104   .absSeg122
.abs_section_105                   1   N/I      0x105      0x105   .absSeg123
.abs_section_106                   1   N/I      0x106      0x106   .absSeg124
.abs_section_107                   1   N/I      0x107      0x107   .absSeg125
.abs_section_108                   1   N/I      0x108      0x108   .absSeg126
.abs_section_109                   1   N/I      0x109      0x109   .absSeg127
.abs_section_110                   1   N/I      0x110      0x110   .absSeg128
.abs_section_114                   1   N/I      0x114      0x114   .absSeg129
.abs_section_115                   1   N/I      0x115      0x115   .absSeg130
.abs_section_116                   1   N/I      0x116      0x116   .absSeg131
.abs_section_117                   1   N/I      0x117      0x117   .absSeg132
.abs_section_119                   1   N/I      0x119      0x119   .absSeg133
.abs_section_11a                   1   N/I      0x11A      0x11A   .absSeg134
.abs_section_11b                   1   N/I      0x11B      0x11B   .absSeg135
.abs_section_11c                   1   N/I      0x11C      0x11C   .absSeg136
.abs_section_11d                   1   N/I      0x11D      0x11D   .absSeg137
.abs_section_11e                   1   N/I      0x11E      0x11E   .absSeg138
.abs_section_11f                   1   N/I      0x11F      0x11F   .absSeg139
.abs_section_121                   1   N/I      0x121      0x121   .absSeg140
.abs_section_126                   1   N/I      0x126      0x126   .absSeg141
.abs_section_127                   1   N/I      0x127      0x127   .absSeg142
.abs_section_128                   1   N/I      0x128      0x128   .absSeg143
.abs_section_129                   1   N/I      0x129      0x129   .absSeg144
.abs_section_12a                   1   N/I      0x12A      0x12A   .absSeg145
.abs_section_12b                   1   N/I      0x12B      0x12B   .absSeg146
.abs_section_12c                   1   N/I      0x12C      0x12C   .absSeg147
.abs_section_12d                   1   N/I      0x12D      0x12D   .absSeg148
.abs_section_12e                   1   N/I      0x12E      0x12E   .absSeg149
.abs_section_12f                   1   N/I      0x12F      0x12F   .absSeg150
.abs_section_132                   1   N/I      0x132      0x132   .absSeg151
.abs_section_133                   1   N/I      0x133      0x133   .absSeg152
.abs_section_134                   1   N/I      0x134      0x134   .absSeg153
.abs_section_135                   1   N/I      0x135      0x135   .absSeg154
.abs_section_136                   1   N/I      0x136      0x136   .absSeg155
.abs_section_137                   1   N/I      0x137      0x137   .absSeg156
.abs_section_13a                   1   N/I      0x13A      0x13A   .absSeg157
.abs_section_13b                   1   N/I      0x13B      0x13B   .absSeg158
.abs_section_13c                   1   N/I      0x13C      0x13C   .absSeg159
.abs_section_13d                   1   N/I      0x13D      0x13D   .absSeg160
.abs_section_13e                   1   N/I      0x13E      0x13E   .absSeg161
.abs_section_13f                   1   N/I      0x13F      0x13F   .absSeg162
.abs_section_140                   1   N/I      0x140      0x140   .absSeg163
.abs_section_141                   1   N/I      0x141      0x141   .absSeg164
.abs_section_142                   1   N/I      0x142      0x142   .absSeg165
.abs_section_143                   1   N/I      0x143      0x143   .absSeg166
.abs_section_144                   1   N/I      0x144      0x144   .absSeg167
.abs_section_145                   1   N/I      0x145      0x145   .absSeg168
.abs_section_146                   1   N/I      0x146      0x146   .absSeg169
.abs_section_147                   1   N/I      0x147      0x147   .absSeg170
.abs_section_148                   1   N/I      0x148      0x148   .absSeg171
.abs_section_149                   1   N/I      0x149      0x149   .absSeg172
.abs_section_14a                   1   N/I      0x14A      0x14A   .absSeg173
.abs_section_14b                   1   N/I      0x14B      0x14B   .absSeg174
.abs_section_14d                   1   N/I      0x14D      0x14D   .absSeg175
.abs_section_14e                   1   N/I      0x14E      0x14E   .absSeg176
.abs_section_14f                   1   N/I      0x14F      0x14F   .absSeg177
.abs_section_150                   1   N/I      0x150      0x150   .absSeg178
.abs_section_151                   1   N/I      0x151      0x151   .absSeg179
.abs_section_152                   1   N/I      0x152      0x152   .absSeg180
.abs_section_153                   1   N/I      0x153      0x153   .absSeg181
.abs_section_154                   1   N/I      0x154      0x154   .absSeg182
.abs_section_155                   1   N/I      0x155      0x155   .absSeg183
.abs_section_156                   1   N/I      0x156      0x156   .absSeg184
.abs_section_157                   1   N/I      0x157      0x157   .absSeg185
.abs_section_158                   1   N/I      0x158      0x158   .absSeg186
.abs_section_159                   1   N/I      0x159      0x159   .absSeg187
.abs_section_15a                   1   N/I      0x15A      0x15A   .absSeg188
.abs_section_15b                   1   N/I      0x15B      0x15B   .absSeg189
.abs_section_15c                   1   N/I      0x15C      0x15C   .absSeg190
.abs_section_15d                   1   N/I      0x15D      0x15D   .absSeg191
.abs_section_15e                   1   N/I      0x15E      0x15E   .absSeg192
.abs_section_15f                   1   N/I      0x15F      0x15F   .absSeg193
.abs_section_160                   1   N/I      0x160      0x160   .absSeg194
.abs_section_161                   1   N/I      0x161      0x161   .absSeg195
.abs_section_162                   1   N/I      0x162      0x162   .absSeg196
.abs_section_163                   1   N/I      0x163      0x163   .absSeg197
.abs_section_164                   1   N/I      0x164      0x164   .absSeg198
.abs_section_165                   1   N/I      0x165      0x165   .absSeg199
.abs_section_166                   1   N/I      0x166      0x166   .absSeg200
.abs_section_167                   1   N/I      0x167      0x167   .absSeg201
.abs_section_168                   1   N/I      0x168      0x168   .absSeg202
.abs_section_169                   1   N/I      0x169      0x169   .absSeg203
.abs_section_16a                   1   N/I      0x16A      0x16A   .absSeg204
.abs_section_16b                   1   N/I      0x16B      0x16B   .absSeg205
.abs_section_16c                   1   N/I      0x16C      0x16C   .absSeg206
.abs_section_170                   1   N/I      0x170      0x170   .absSeg207
.abs_section_171                   1   N/I      0x171      0x171   .absSeg208
.abs_section_172                   1   N/I      0x172      0x172   .absSeg209
.abs_section_173                   1   N/I      0x173      0x173   .absSeg210
.abs_section_174                   1   N/I      0x174      0x174   .absSeg211
.abs_section_175                   1   N/I      0x175      0x175   .absSeg212
.abs_section_176                   1   N/I      0x176      0x176   .absSeg213
.abs_section_177                   1   N/I      0x177      0x177   .absSeg214
.abs_section_178                   1   N/I      0x178      0x178   .absSeg215
.abs_section_179                   1   N/I      0x179      0x179   .absSeg216
.abs_section_17a                   1   N/I      0x17A      0x17A   .absSeg217
.abs_section_17b                   1   N/I      0x17B      0x17B   .absSeg218
.abs_section_17c                   1   N/I      0x17C      0x17C   .absSeg219
.abs_section_17d                   1   N/I      0x17D      0x17D   .absSeg220
.abs_section_180                   1   N/I      0x180      0x180   .absSeg221
.abs_section_181                   1   N/I      0x181      0x181   .absSeg222
.abs_section_182                   1   N/I      0x182      0x182   .absSeg223
.abs_section_183                   1   N/I      0x183      0x183   .absSeg224
.abs_section_184                   1   N/I      0x184      0x184   .absSeg225
.abs_section_185                   1   N/I      0x185      0x185   .absSeg226
.abs_section_186                   1   N/I      0x186      0x186   .absSeg227
.abs_section_187                   1   N/I      0x187      0x187   .absSeg228
.abs_section_188                   1   N/I      0x188      0x188   .absSeg229
.abs_section_189                   1   N/I      0x189      0x189   .absSeg230
.abs_section_18a                   1   N/I      0x18A      0x18A   .absSeg231
.abs_section_18b                   1   N/I      0x18B      0x18B   .absSeg232
.abs_section_18d                   1   N/I      0x18D      0x18D   .absSeg233
.abs_section_18e                   1   N/I      0x18E      0x18E   .absSeg234
.abs_section_18f                   1   N/I      0x18F      0x18F   .absSeg235
.abs_section_190                   1   N/I      0x190      0x190   .absSeg236
.abs_section_191                   1   N/I      0x191      0x191   .absSeg237
.abs_section_192                   1   N/I      0x192      0x192   .absSeg238
.abs_section_193                   1   N/I      0x193      0x193   .absSeg239
.abs_section_194                   1   N/I      0x194      0x194   .absSeg240
.abs_section_195                   1   N/I      0x195      0x195   .absSeg241
.abs_section_196                   1   N/I      0x196      0x196   .absSeg242
.abs_section_197                   1   N/I      0x197      0x197   .absSeg243
.abs_section_198                   1   N/I      0x198      0x198   .absSeg244
.abs_section_199                   1   N/I      0x199      0x199   .absSeg245
.abs_section_19a                   1   N/I      0x19A      0x19A   .absSeg246
.abs_section_19b                   1   N/I      0x19B      0x19B   .absSeg247
.abs_section_19c                   1   N/I      0x19C      0x19C   .absSeg248
.abs_section_19d                   1   N/I      0x19D      0x19D   .absSeg249
.abs_section_19e                   1   N/I      0x19E      0x19E   .absSeg250
.abs_section_19f                   1   N/I      0x19F      0x19F   .absSeg251
.abs_section_1a0                   1   N/I      0x1A0      0x1A0   .absSeg252
.abs_section_1a1                   1   N/I      0x1A1      0x1A1   .absSeg253
.abs_section_1a2                   1   N/I      0x1A2      0x1A2   .absSeg254
.abs_section_1a3                   1   N/I      0x1A3      0x1A3   .absSeg255
.abs_section_1a4                   1   N/I      0x1A4      0x1A4   .absSeg256
.abs_section_1a5                   1   N/I      0x1A5      0x1A5   .absSeg257
.abs_section_1a6                   1   N/I      0x1A6      0x1A6   .absSeg258
.abs_section_1a7                   1   N/I      0x1A7      0x1A7   .absSeg259
.abs_section_1a8                   1   N/I      0x1A8      0x1A8   .absSeg260
.abs_section_1a9                   1   N/I      0x1A9      0x1A9   .absSeg261
.abs_section_1aa                   1   N/I      0x1AA      0x1AA   .absSeg262
.abs_section_1ab                   1   N/I      0x1AB      0x1AB   .absSeg263
.abs_section_1ac                   1   N/I      0x1AC      0x1AC   .absSeg264
.abs_section_1b0                   1   N/I      0x1B0      0x1B0   .absSeg265
.abs_section_1b1                   1   N/I      0x1B1      0x1B1   .absSeg266
.abs_section_1b2                   1   N/I      0x1B2      0x1B2   .absSeg267
.abs_section_1b3                   1   N/I      0x1B3      0x1B3   .absSeg268
.abs_section_1b4                   1   N/I      0x1B4      0x1B4   .absSeg269
.abs_section_1b5                   1   N/I      0x1B5      0x1B5   .absSeg270
.abs_section_1b6                   1   N/I      0x1B6      0x1B6   .absSeg271
.abs_section_1b7                   1   N/I      0x1B7      0x1B7   .absSeg272
.abs_section_1b8                   1   N/I      0x1B8      0x1B8   .absSeg273
.abs_section_1b9                   1   N/I      0x1B9      0x1B9   .absSeg274
.abs_section_1ba                   1   N/I      0x1BA      0x1BA   .absSeg275
.abs_section_1bb                   1   N/I      0x1BB      0x1BB   .absSeg276
.abs_section_1bc                   1   N/I      0x1BC      0x1BC   .absSeg277
.abs_section_1bd                   1   N/I      0x1BD      0x1BD   .absSeg278
.abs_section_1c0                   1   N/I      0x1C0      0x1C0   .absSeg279
.abs_section_1c1                   1   N/I      0x1C1      0x1C1   .absSeg280
.abs_section_1c2                   1   N/I      0x1C2      0x1C2   .absSeg281
.abs_section_1c3                   1   N/I      0x1C3      0x1C3   .absSeg282
.abs_section_1c4                   1   N/I      0x1C4      0x1C4   .absSeg283
.abs_section_1c5                   1   N/I      0x1C5      0x1C5   .absSeg284
.abs_section_1c6                   1   N/I      0x1C6      0x1C6   .absSeg285
.abs_section_1c7                   1   N/I      0x1C7      0x1C7   .absSeg286
.abs_section_1c8                   1   N/I      0x1C8      0x1C8   .absSeg287
.abs_section_1c9                   1   N/I      0x1C9      0x1C9   .absSeg288
.abs_section_1ca                   1   N/I      0x1CA      0x1CA   .absSeg289
.abs_section_1cb                   1   N/I      0x1CB      0x1CB   .absSeg290
.abs_section_1cd                   1   N/I      0x1CD      0x1CD   .absSeg291
.abs_section_1ce                   1   N/I      0x1CE      0x1CE   .absSeg292
.abs_section_1cf                   1   N/I      0x1CF      0x1CF   .absSeg293
.abs_section_1d0                   1   N/I      0x1D0      0x1D0   .absSeg294
.abs_section_1d1                   1   N/I      0x1D1      0x1D1   .absSeg295
.abs_section_1d2                   1   N/I      0x1D2      0x1D2   .absSeg296
.abs_section_1d3                   1   N/I      0x1D3      0x1D3   .absSeg297
.abs_section_1d4                   1   N/I      0x1D4      0x1D4   .absSeg298
.abs_section_1d5                   1   N/I      0x1D5      0x1D5   .absSeg299
.abs_section_1d6                   1   N/I      0x1D6      0x1D6   .absSeg300
.abs_section_1d7                   1   N/I      0x1D7      0x1D7   .absSeg301
.abs_section_1d8                   1   N/I      0x1D8      0x1D8   .absSeg302
.abs_section_1d9                   1   N/I      0x1D9      0x1D9   .absSeg303
.abs_section_1da                   1   N/I      0x1DA      0x1DA   .absSeg304
.abs_section_1db                   1   N/I      0x1DB      0x1DB   .absSeg305
.abs_section_1dc                   1   N/I      0x1DC      0x1DC   .absSeg306
.abs_section_1dd                   1   N/I      0x1DD      0x1DD   .absSeg307
.abs_section_1de                   1   N/I      0x1DE      0x1DE   .absSeg308
.abs_section_1df                   1   N/I      0x1DF      0x1DF   .absSeg309
.abs_section_1e0                   1   N/I      0x1E0      0x1E0   .absSeg310
.abs_section_1e1                   1   N/I      0x1E1      0x1E1   .absSeg311
.abs_section_1e2                   1   N/I      0x1E2      0x1E2   .absSeg312
.abs_section_1e3                   1   N/I      0x1E3      0x1E3   .absSeg313
.abs_section_1e4                   1   N/I      0x1E4      0x1E4   .absSeg314
.abs_section_1e5                   1   N/I      0x1E5      0x1E5   .absSeg315
.abs_section_1e6                   1   N/I      0x1E6      0x1E6   .absSeg316
.abs_section_1e7                   1   N/I      0x1E7      0x1E7   .absSeg317
.abs_section_1e8                   1   N/I      0x1E8      0x1E8   .absSeg318
.abs_section_1e9                   1   N/I      0x1E9      0x1E9   .absSeg319
.abs_section_1ea                   1   N/I      0x1EA      0x1EA   .absSeg320
.abs_section_1eb                   1   N/I      0x1EB      0x1EB   .absSeg321
.abs_section_1ec                   1   N/I      0x1EC      0x1EC   .absSeg322
.abs_section_1f0                   1   N/I      0x1F0      0x1F0   .absSeg323
.abs_section_1f1                   1   N/I      0x1F1      0x1F1   .absSeg324
.abs_section_1f2                   1   N/I      0x1F2      0x1F2   .absSeg325
.abs_section_1f3                   1   N/I      0x1F3      0x1F3   .absSeg326
.abs_section_1f4                   1   N/I      0x1F4      0x1F4   .absSeg327
.abs_section_1f5                   1   N/I      0x1F5      0x1F5   .absSeg328
.abs_section_1f6                   1   N/I      0x1F6      0x1F6   .absSeg329
.abs_section_1f7                   1   N/I      0x1F7      0x1F7   .absSeg330
.abs_section_1f8                   1   N/I      0x1F8      0x1F8   .absSeg331
.abs_section_1f9                   1   N/I      0x1F9      0x1F9   .absSeg332
.abs_section_1fa                   1   N/I      0x1FA      0x1FA   .absSeg333
.abs_section_1fb                   1   N/I      0x1FB      0x1FB   .absSeg334
.abs_section_1fc                   1   N/I      0x1FC      0x1FC   .absSeg335
.abs_section_1fd                   1   N/I      0x1FD      0x1FD   .absSeg336
.abs_section_200                   1   N/I      0x200      0x200   .absSeg337
.abs_section_201                   1   N/I      0x201      0x201   .absSeg338
.abs_section_202                   1   N/I      0x202      0x202   .absSeg339
.abs_section_203                   1   N/I      0x203      0x203   .absSeg340
.abs_section_204                   1   N/I      0x204      0x204   .absSeg341
.abs_section_205                   1   N/I      0x205      0x205   .absSeg342
.abs_section_206                   1   N/I      0x206      0x206   .absSeg343
.abs_section_207                   1   N/I      0x207      0x207   .absSeg344
.abs_section_208                   1   N/I      0x208      0x208   .absSeg345
.abs_section_209                   1   N/I      0x209      0x209   .absSeg346
.abs_section_20a                   1   N/I      0x20A      0x20A   .absSeg347
.abs_section_20b                   1   N/I      0x20B      0x20B   .absSeg348
.abs_section_20d                   1   N/I      0x20D      0x20D   .absSeg349
.abs_section_20e                   1   N/I      0x20E      0x20E   .absSeg350
.abs_section_20f                   1   N/I      0x20F      0x20F   .absSeg351
.abs_section_210                   1   N/I      0x210      0x210   .absSeg352
.abs_section_211                   1   N/I      0x211      0x211   .absSeg353
.abs_section_212                   1   N/I      0x212      0x212   .absSeg354
.abs_section_213                   1   N/I      0x213      0x213   .absSeg355
.abs_section_214                   1   N/I      0x214      0x214   .absSeg356
.abs_section_215                   1   N/I      0x215      0x215   .absSeg357
.abs_section_216                   1   N/I      0x216      0x216   .absSeg358
.abs_section_217                   1   N/I      0x217      0x217   .absSeg359
.abs_section_218                   1   N/I      0x218      0x218   .absSeg360
.abs_section_219                   1   N/I      0x219      0x219   .absSeg361
.abs_section_21a                   1   N/I      0x21A      0x21A   .absSeg362
.abs_section_21b                   1   N/I      0x21B      0x21B   .absSeg363
.abs_section_21c                   1   N/I      0x21C      0x21C   .absSeg364
.abs_section_21d                   1   N/I      0x21D      0x21D   .absSeg365
.abs_section_21e                   1   N/I      0x21E      0x21E   .absSeg366
.abs_section_21f                   1   N/I      0x21F      0x21F   .absSeg367
.abs_section_220                   1   N/I      0x220      0x220   .absSeg368
.abs_section_221                   1   N/I      0x221      0x221   .absSeg369
.abs_section_222                   1   N/I      0x222      0x222   .absSeg370
.abs_section_223                   1   N/I      0x223      0x223   .absSeg371
.abs_section_224                   1   N/I      0x224      0x224   .absSeg372
.abs_section_225                   1   N/I      0x225      0x225   .absSeg373
.abs_section_226                   1   N/I      0x226      0x226   .absSeg374
.abs_section_227                   1   N/I      0x227      0x227   .absSeg375
.abs_section_228                   1   N/I      0x228      0x228   .absSeg376
.abs_section_229                   1   N/I      0x229      0x229   .absSeg377
.abs_section_22a                   1   N/I      0x22A      0x22A   .absSeg378
.abs_section_22b                   1   N/I      0x22B      0x22B   .absSeg379
.abs_section_22c                   1   N/I      0x22C      0x22C   .absSeg380
.abs_section_230                   1   N/I      0x230      0x230   .absSeg381
.abs_section_231                   1   N/I      0x231      0x231   .absSeg382
.abs_section_232                   1   N/I      0x232      0x232   .absSeg383
.abs_section_233                   1   N/I      0x233      0x233   .absSeg384
.abs_section_234                   1   N/I      0x234      0x234   .absSeg385
.abs_section_235                   1   N/I      0x235      0x235   .absSeg386
.abs_section_236                   1   N/I      0x236      0x236   .absSeg387
.abs_section_237                   1   N/I      0x237      0x237   .absSeg388
.abs_section_238                   1   N/I      0x238      0x238   .absSeg389
.abs_section_239                   1   N/I      0x239      0x239   .absSeg390
.abs_section_23a                   1   N/I      0x23A      0x23A   .absSeg391
.abs_section_23b                   1   N/I      0x23B      0x23B   .absSeg392
.abs_section_23c                   1   N/I      0x23C      0x23C   .absSeg393
.abs_section_23d                   1   N/I      0x23D      0x23D   .absSeg394
.abs_section_240                   1   N/I      0x240      0x240   .absSeg395
.abs_section_241                   1   N/I      0x241      0x241   .absSeg396
.abs_section_242                   1   N/I      0x242      0x242   .absSeg397
.abs_section_243                   1   N/I      0x243      0x243   .absSeg398
.abs_section_244                   1   N/I      0x244      0x244   .absSeg399
.abs_section_245                   1   N/I      0x245      0x245   .absSeg400
.abs_section_248                   1   N/I      0x248      0x248   .absSeg401
.abs_section_249                   1   N/I      0x249      0x249   .absSeg402
.abs_section_24a                   1   N/I      0x24A      0x24A   .absSeg403
.abs_section_24b                   1   N/I      0x24B      0x24B   .absSeg404
.abs_section_24c                   1   N/I      0x24C      0x24C   .absSeg405
.abs_section_24d                   1   N/I      0x24D      0x24D   .absSeg406
.abs_section_24e                   1   N/I      0x24E      0x24E   .absSeg407
.abs_section_250                   1   N/I      0x250      0x250   .absSeg408
.abs_section_251                   1   N/I      0x251      0x251   .absSeg409
.abs_section_252                   1   N/I      0x252      0x252   .absSeg410
.abs_section_253                   1   N/I      0x253      0x253   .absSeg411
.abs_section_254                   1   N/I      0x254      0x254   .absSeg412
.abs_section_255                   1   N/I      0x255      0x255   .absSeg413
.abs_section_256                   1   N/I      0x256      0x256   .absSeg414
.abs_section_257                   1   N/I      0x257      0x257   .absSeg415
.abs_section_258                   1   N/I      0x258      0x258   .absSeg416
.abs_section_259                   1   N/I      0x259      0x259   .absSeg417
.abs_section_25a                   1   N/I      0x25A      0x25A   .absSeg418
.abs_section_25b                   1   N/I      0x25B      0x25B   .absSeg419
.abs_section_25c                   1   N/I      0x25C      0x25C   .absSeg420
.abs_section_25d                   1   N/I      0x25D      0x25D   .absSeg421
.abs_section_25e                   1   N/I      0x25E      0x25E   .absSeg422
.abs_section_25f                   1   N/I      0x25F      0x25F   .absSeg423
.abs_section_260                   1   N/I      0x260      0x260   .absSeg424
.abs_section_261                   1   N/I      0x261      0x261   .absSeg425
.abs_section_262                   1   N/I      0x262      0x262   .absSeg426
.abs_section_263                   1   N/I      0x263      0x263   .absSeg427
.abs_section_264                   1   N/I      0x264      0x264   .absSeg428
.abs_section_265                   1   N/I      0x265      0x265   .absSeg429
.abs_section_266                   1   N/I      0x266      0x266   .absSeg430
.abs_section_267                   1   N/I      0x267      0x267   .absSeg431
.abs_section_268                   1   N/I      0x268      0x268   .absSeg432
.abs_section_269                   1   N/I      0x269      0x269   .absSeg433
.abs_section_26a                   1   N/I      0x26A      0x26A   .absSeg434
.abs_section_26b                   1   N/I      0x26B      0x26B   .absSeg435
.abs_section_26c                   1   N/I      0x26C      0x26C   .absSeg436
.abs_section_26d                   1   N/I      0x26D      0x26D   .absSeg437
.abs_section_26e                   1   N/I      0x26E      0x26E   .absSeg438
.abs_section_26f                   1   N/I      0x26F      0x26F   .absSeg439
.abs_section_280                   1   N/I      0x280      0x280   .absSeg440
.abs_section_281                   1   N/I      0x281      0x281   .absSeg441
.abs_section_282                   1   N/I      0x282      0x282   .absSeg442
.abs_section_283                   1   N/I      0x283      0x283   .absSeg443
.abs_section_284                   1   N/I      0x284      0x284   .absSeg444
.abs_section_285                   1   N/I      0x285      0x285   .absSeg445
.abs_section_286                   1   N/I      0x286      0x286   .absSeg446
.abs_section_287                   1   N/I      0x287      0x287   .absSeg447
.abs_section_288                   1   N/I      0x288      0x288   .absSeg448
.abs_section_289                   1   N/I      0x289      0x289   .absSeg449
.abs_section_28a                   1   N/I      0x28A      0x28A   .absSeg450
.abs_section_28b                   1   N/I      0x28B      0x28B   .absSeg451
.abs_section_28d                   1   N/I      0x28D      0x28D   .absSeg452
.abs_section_28e                   1   N/I      0x28E      0x28E   .absSeg453
.abs_section_28f                   1   N/I      0x28F      0x28F   .absSeg454
.abs_section_290                   1   N/I      0x290      0x290   .absSeg455
.abs_section_291                   1   N/I      0x291      0x291   .absSeg456
.abs_section_292                   1   N/I      0x292      0x292   .absSeg457
.abs_section_293                   1   N/I      0x293      0x293   .absSeg458
.abs_section_294                   1   N/I      0x294      0x294   .absSeg459
.abs_section_295                   1   N/I      0x295      0x295   .absSeg460
.abs_section_296                   1   N/I      0x296      0x296   .absSeg461
.abs_section_297                   1   N/I      0x297      0x297   .absSeg462
.abs_section_298                   1   N/I      0x298      0x298   .absSeg463
.abs_section_299                   1   N/I      0x299      0x299   .absSeg464
.abs_section_29a                   1   N/I      0x29A      0x29A   .absSeg465
.abs_section_29b                   1   N/I      0x29B      0x29B   .absSeg466
.abs_section_29c                   1   N/I      0x29C      0x29C   .absSeg467
.abs_section_29d                   1   N/I      0x29D      0x29D   .absSeg468
.abs_section_29e                   1   N/I      0x29E      0x29E   .absSeg469
.abs_section_29f                   1   N/I      0x29F      0x29F   .absSeg470
.abs_section_2a0                   1   N/I      0x2A0      0x2A0   .absSeg471
.abs_section_2a1                   1   N/I      0x2A1      0x2A1   .absSeg472
.abs_section_2a2                   1   N/I      0x2A2      0x2A2   .absSeg473
.abs_section_2a3                   1   N/I      0x2A3      0x2A3   .absSeg474
.abs_section_2a4                   1   N/I      0x2A4      0x2A4   .absSeg475
.abs_section_2a5                   1   N/I      0x2A5      0x2A5   .absSeg476
.abs_section_2a6                   1   N/I      0x2A6      0x2A6   .absSeg477
.abs_section_2a7                   1   N/I      0x2A7      0x2A7   .absSeg478
.abs_section_2a8                   1   N/I      0x2A8      0x2A8   .absSeg479
.abs_section_2a9                   1   N/I      0x2A9      0x2A9   .absSeg480
.abs_section_2aa                   1   N/I      0x2AA      0x2AA   .absSeg481
.abs_section_2ab                   1   N/I      0x2AB      0x2AB   .absSeg482
.abs_section_2ac                   1   N/I      0x2AC      0x2AC   .absSeg483
.abs_section_2b0                   1   N/I      0x2B0      0x2B0   .absSeg484
.abs_section_2b1                   1   N/I      0x2B1      0x2B1   .absSeg485
.abs_section_2b2                   1   N/I      0x2B2      0x2B2   .absSeg486
.abs_section_2b3                   1   N/I      0x2B3      0x2B3   .absSeg487
.abs_section_2b4                   1   N/I      0x2B4      0x2B4   .absSeg488
.abs_section_2b5                   1   N/I      0x2B5      0x2B5   .absSeg489
.abs_section_2b6                   1   N/I      0x2B6      0x2B6   .absSeg490
.abs_section_2b7                   1   N/I      0x2B7      0x2B7   .absSeg491
.abs_section_2b8                   1   N/I      0x2B8      0x2B8   .absSeg492
.abs_section_2b9                   1   N/I      0x2B9      0x2B9   .absSeg493
.abs_section_2ba                   1   N/I      0x2BA      0x2BA   .absSeg494
.abs_section_2bb                   1   N/I      0x2BB      0x2BB   .absSeg495
.abs_section_2bc                   1   N/I      0x2BC      0x2BC   .absSeg496
.abs_section_2bd                   1   N/I      0x2BD      0x2BD   .absSeg497
.abs_section_2c6                   1   N/I      0x2C6      0x2C6   .absSeg498
.abs_section_2f0                   1   N/I      0x2F0      0x2F0   .absSeg499
.abs_section_2f1                   1   N/I      0x2F1      0x2F1   .absSeg500
.abs_section_2f2                   1   N/I      0x2F2      0x2F2   .absSeg501
.abs_section_2f3                   1   N/I      0x2F3      0x2F3   .absSeg502
.abs_section_2f7                   1   N/I      0x2F7      0x2F7   .absSeg503
.abs_section_300                   1   N/I      0x300      0x300   .absSeg504
.abs_section_301                   1   N/I      0x301      0x301   .absSeg505
.abs_section_302                   1   N/I      0x302      0x302   .absSeg506
.abs_section_303                   1   N/I      0x303      0x303   .absSeg507
.abs_section_304                   1   N/I      0x304      0x304   .absSeg508
.abs_section_305                   1   N/I      0x305      0x305   .absSeg509
.abs_section_308                   1   N/I      0x308      0x308   .absSeg510
.abs_section_309                   1   N/I      0x309      0x309   .absSeg511
.abs_section_324                   1   N/I      0x324      0x324   .absSeg512
.abs_section_332                   1   N/I      0x332      0x332   .absSeg513
.abs_section_333                   1   N/I      0x333      0x333   .absSeg514
.abs_section_334                   1   N/I      0x334      0x334   .absSeg515
.abs_section_335                   1   N/I      0x335      0x335   .absSeg516
.abs_section_336                   1   N/I      0x336      0x336   .absSeg517
.abs_section_337                   1   N/I      0x337      0x337   .absSeg518
.abs_section_33a                   1   N/I      0x33A      0x33A   .absSeg519
.abs_section_33b                   1   N/I      0x33B      0x33B   .absSeg520
.abs_section_33c                   1   N/I      0x33C      0x33C   .absSeg521
.abs_section_33d                   1   N/I      0x33D      0x33D   .absSeg522
.abs_section_33e                   1   N/I      0x33E      0x33E   .absSeg523
.abs_section_33f                   1   N/I      0x33F      0x33F   .absSeg524
.abs_section_340                   1   N/I      0x340      0x340   .absSeg525
.abs_section_341                   1   N/I      0x341      0x341   .absSeg526
.abs_section_342                   1   N/I      0x342      0x342   .absSeg527
.abs_section_343                   1   N/I      0x343      0x343   .absSeg528
.abs_section_344                   1   N/I      0x344      0x344   .absSeg529
.abs_section_345                   1   N/I      0x345      0x345   .absSeg530
.abs_section_346                   1   N/I      0x346      0x346   .absSeg531
.abs_section_347                   1   N/I      0x347      0x347   .absSeg532
.abs_section_368                   1   N/I      0x368      0x368   .absSeg533
.abs_section_369                   1   N/I      0x369      0x369   .absSeg534
.abs_section_36a                   1   N/I      0x36A      0x36A   .absSeg535
.abs_section_36b                   1   N/I      0x36B      0x36B   .absSeg536
.abs_section_36c                   1   N/I      0x36C      0x36C   .absSeg537
.abs_section_36d                   1   N/I      0x36D      0x36D   .absSeg538
.abs_section_36f                   1   N/I      0x36F      0x36F   .absSeg539
.abs_section_370                   1   N/I      0x370      0x370   .absSeg540
.abs_section_371                   1   N/I      0x371      0x371   .absSeg541
.abs_section_372                   1   N/I      0x372      0x372   .absSeg542
.abs_section_373                   1   N/I      0x373      0x373   .absSeg543
.abs_section_374                   1   N/I      0x374      0x374   .absSeg544
.abs_section_375                   1   N/I      0x375      0x375   .absSeg545
.abs_section_376                   1   N/I      0x376      0x376   .absSeg546
.abs_section_377                   1   N/I      0x377      0x377   .absSeg547
.abs_section_378                   1   N/I      0x378      0x378   .absSeg548
.abs_section_379                   1   N/I      0x379      0x379   .absSeg549
.abs_section_37a                   1   N/I      0x37A      0x37A   .absSeg550
.abs_section_37b                   1   N/I      0x37B      0x37B   .absSeg551
.abs_section_37c                   1   N/I      0x37C      0x37C   .absSeg552
.abs_section_37d                   1   N/I      0x37D      0x37D   .absSeg553
.abs_section_37f                   1   N/I      0x37F      0x37F   .absSeg554
.abs_section_382                   1   N/I      0x382      0x382   .absSeg555
.abs_section_383                   1   N/I      0x383      0x383   .absSeg556
.abs_section_385                   1   N/I      0x385      0x385   .absSeg557
.abs_section_39d                   1   N/I      0x39D      0x39D   .absSeg558
.abs_section_3d0                   1   N/I      0x3D0      0x3D0   .absSeg559
.abs_section_3d1                   1   N/I      0x3D1      0x3D1   .absSeg560
.abs_section_3d2                   1   N/I      0x3D2      0x3D2   .absSeg561
.abs_section_3d3                   1   N/I      0x3D3      0x3D3   .absSeg562
.abs_section_3d6                   1   N/I      0x3D6      0x3D6   .absSeg563
.abs_section_3d7                   1   N/I      0x3D7      0x3D7   .absSeg564
.abs_section_3d8                   1   N/I      0x3D8      0x3D8   .absSeg565
.abs_section_3d9                   1   N/I      0x3D9      0x3D9   .absSeg566
.abs_section_3da                   1   N/I      0x3DA      0x3DA   .absSeg567
.abs_section_3db                   1   N/I      0x3DB      0x3DB   .absSeg568
.abs_section_3dc                   1   N/I      0x3DC      0x3DC   .absSeg569
.abs_section_3dd                   1   N/I      0x3DD      0x3DD   .absSeg570
.abs_section_3de                   1   N/I      0x3DE      0x3DE   .absSeg571
.abs_section_3df                   1   N/I      0x3DF      0x3DF   .absSeg572
.abs_section_3f0                   1   N/I      0x3F0      0x3F0   .absSeg573
.abs_section_3f1                   1   N/I      0x3F1      0x3F1   .absSeg574
.abs_section_3fc                   1   N/I      0x3FC      0x3FC   .absSeg575
.abs_section_3fe                   1   N/I      0x3FE      0x3FE   .absSeg576
.abs_section_0                     2   N/I        0x0        0x1   .absSeg577
.abs_section_2                     2   N/I        0x2        0x3   .absSeg578
.abs_section_4                     2   N/I        0x4        0x5   .absSeg579
.abs_section_6                     2   N/I        0x6        0x7   .absSeg580
.abs_section_1a                    2   N/I       0x1A       0x1B   .absSeg581
.abs_section_24                    2   N/I       0x24       0x25   .absSeg582
.abs_section_44                    2   N/I       0x44       0x45   .absSeg583
.abs_section_50                    2   N/I       0x50       0x51   .absSeg584
.abs_section_52                    2   N/I       0x52       0x53   .absSeg585
.abs_section_54                    2   N/I       0x54       0x55   .absSeg586
.abs_section_56                    2   N/I       0x56       0x57   .absSeg587
.abs_section_58                    2   N/I       0x58       0x59   .absSeg588
.abs_section_5a                    2   N/I       0x5A       0x5B   .absSeg589
.abs_section_5c                    2   N/I       0x5C       0x5D   .absSeg590
.abs_section_5e                    2   N/I       0x5E       0x5F   .absSeg591
.abs_section_62                    2   N/I       0x62       0x63   .absSeg592
.abs_section_64                    2   N/I       0x64       0x65   .absSeg593
.abs_section_72                    2   N/I       0x72       0x73   .absSeg594
.abs_section_74                    2   N/I       0x74       0x75   .absSeg595
.abs_section_76                    2   N/I       0x76       0x77   .absSeg596
.abs_section_78                    2   N/I       0x78       0x79   .absSeg597
.abs_section_7a                    2   N/I       0x7A       0x7B   .absSeg598
.abs_section_7c                    2   N/I       0x7C       0x7D   .absSeg599
.abs_section_7e                    2   N/I       0x7E       0x7F   .absSeg600
.abs_section_80                    2   N/I       0x80       0x81   .absSeg601
.abs_section_82                    2   N/I       0x82       0x83   .absSeg602
.abs_section_84                    2   N/I       0x84       0x85   .absSeg603
.abs_section_88                    2   N/I       0x88       0x89   .absSeg604
.abs_section_8a                    2   N/I       0x8A       0x8B   .absSeg605
.abs_section_8c                    2   N/I       0x8C       0x8D   .absSeg606
.abs_section_8e                    2   N/I       0x8E       0x8F   .absSeg607
.abs_section_90                    2   N/I       0x90       0x91   .absSeg608
.abs_section_92                    2   N/I       0x92       0x93   .absSeg609
.abs_section_94                    2   N/I       0x94       0x95   .absSeg610
.abs_section_96                    2   N/I       0x96       0x97   .absSeg611
.abs_section_98                    2   N/I       0x98       0x99   .absSeg612
.abs_section_9a                    2   N/I       0x9A       0x9B   .absSeg613
.abs_section_9c                    2   N/I       0x9C       0x9D   .absSeg614
.abs_section_9e                    2   N/I       0x9E       0x9F   .absSeg615
.abs_section_a0                    2   N/I       0xA0       0xA1   .absSeg616
.abs_section_a2                    2   N/I       0xA2       0xA3   .absSeg617
.abs_section_a4                    2   N/I       0xA4       0xA5   .absSeg618
.abs_section_a6                    2   N/I       0xA6       0xA7   .absSeg619
.abs_section_a8                    2   N/I       0xA8       0xA9   .absSeg620
.abs_section_aa                    2   N/I       0xAA       0xAB   .absSeg621
.abs_section_ac                    2   N/I       0xAC       0xAD   .absSeg622
.abs_section_ae                    2   N/I       0xAE       0xAF   .absSeg623
.abs_section_b8                    2   N/I       0xB8       0xB9   .absSeg624
.abs_section_c0                    2   N/I       0xC0       0xC1   .absSeg625
.abs_section_c8                    2   N/I       0xC8       0xC9   .absSeg626
.abs_section_d0                    2   N/I       0xD0       0xD1   .absSeg627
.abs_section_dc                    2   N/I       0xDC       0xDD   .absSeg628
.abs_section_f4                    2   N/I       0xF4       0xF5   .absSeg629
.abs_section_fc                    2   N/I       0xFC       0xFD   .absSeg630
.abs_section_10a                   2   N/I      0x10A      0x10B   .absSeg631
.abs_section_10c                   2   N/I      0x10C      0x10D   .absSeg632
.abs_section_10e                   2   N/I      0x10E      0x10F   .absSeg633
.abs_section_130                   2   N/I      0x130      0x131   .absSeg634
.abs_section_138                   2   N/I      0x138      0x139   .absSeg635
.abs_section_16e                   2   N/I      0x16E      0x16F   .absSeg636
.abs_section_17e                   2   N/I      0x17E      0x17F   .absSeg637
.abs_section_1ae                   2   N/I      0x1AE      0x1AF   .absSeg638
.abs_section_1be                   2   N/I      0x1BE      0x1BF   .absSeg639
.abs_section_1ee                   2   N/I      0x1EE      0x1EF   .absSeg640
.abs_section_1fe                   2   N/I      0x1FE      0x1FF   .absSeg641
.abs_section_22e                   2   N/I      0x22E      0x22F   .absSeg642
.abs_section_23e                   2   N/I      0x23E      0x23F   .absSeg643
.abs_section_270                   2   N/I      0x270      0x271   .absSeg644
.abs_section_272                   2   N/I      0x272      0x273   .absSeg645
.abs_section_274                   2   N/I      0x274      0x275   .absSeg646
.abs_section_276                   2   N/I      0x276      0x277   .absSeg647
.abs_section_278                   2   N/I      0x278      0x279   .absSeg648
.abs_section_27a                   2   N/I      0x27A      0x27B   .absSeg649
.abs_section_27c                   2   N/I      0x27C      0x27D   .absSeg650
.abs_section_27e                   2   N/I      0x27E      0x27F   .absSeg651
.abs_section_2ae                   2   N/I      0x2AE      0x2AF   .absSeg652
.abs_section_2be                   2   N/I      0x2BE      0x2BF   .absSeg653
.abs_section_2c0                   2   N/I      0x2C0      0x2C1   .absSeg654
.abs_section_2c2                   2   N/I      0x2C2      0x2C3   .absSeg655
.abs_section_2c4                   2   N/I      0x2C4      0x2C5   .absSeg656
.abs_section_2c8                   2   N/I      0x2C8      0x2C9   .absSeg657
.abs_section_2ca                   2   N/I      0x2CA      0x2CB   .absSeg658
.abs_section_2cc                   2   N/I      0x2CC      0x2CD   .absSeg659
.abs_section_2ce                   2   N/I      0x2CE      0x2CF   .absSeg660
.abs_section_2d0                   2   N/I      0x2D0      0x2D1   .absSeg661
.abs_section_2d2                   2   N/I      0x2D2      0x2D3   .absSeg662
.abs_section_2d4                   2   N/I      0x2D4      0x2D5   .absSeg663
.abs_section_2d6                   2   N/I      0x2D6      0x2D7   .absSeg664
.abs_section_2d8                   2   N/I      0x2D8      0x2D9   .absSeg665
.abs_section_2da                   2   N/I      0x2DA      0x2DB   .absSeg666
.abs_section_2dc                   2   N/I      0x2DC      0x2DD   .absSeg667
.abs_section_2de                   2   N/I      0x2DE      0x2DF   .absSeg668
.abs_section_2e0                   2   N/I      0x2E0      0x2E1   .absSeg669
.abs_section_2e2                   2   N/I      0x2E2      0x2E3   .absSeg670
.abs_section_2e4                   2   N/I      0x2E4      0x2E5   .absSeg671
.abs_section_2e6                   2   N/I      0x2E6      0x2E7   .absSeg672
.abs_section_2e8                   2   N/I      0x2E8      0x2E9   .absSeg673
.abs_section_2ea                   2   N/I      0x2EA      0x2EB   .absSeg674
.abs_section_2ec                   2   N/I      0x2EC      0x2ED   .absSeg675
.abs_section_2ee                   2   N/I      0x2EE      0x2EF   .absSeg676
.abs_section_2f4                   2   N/I      0x2F4      0x2F5   .absSeg677
.abs_section_30c                   2   N/I      0x30C      0x30D   .absSeg678
.abs_section_30e                   2   N/I      0x30E      0x30F   .absSeg679
.abs_section_310                   2   N/I      0x310      0x311   .absSeg680
.abs_section_312                   2   N/I      0x312      0x313   .absSeg681
.abs_section_314                   2   N/I      0x314      0x315   .absSeg682
.abs_section_316                   2   N/I      0x316      0x317   .absSeg683
.abs_section_318                   2   N/I      0x318      0x319   .absSeg684
.abs_section_31a                   2   N/I      0x31A      0x31B   .absSeg685
.abs_section_31c                   2   N/I      0x31C      0x31D   .absSeg686
.abs_section_31e                   2   N/I      0x31E      0x31F   .absSeg687
.abs_section_320                   2   N/I      0x320      0x321   .absSeg688
.abs_section_322                   2   N/I      0x322      0x323   .absSeg689
.abs_section_330                   2   N/I      0x330      0x331   .absSeg690
.abs_section_338                   2   N/I      0x338      0x339   .absSeg691
.abs_section_348                   2   N/I      0x348      0x349   .absSeg692
.abs_section_34a                   2   N/I      0x34A      0x34B   .absSeg693
.abs_section_34c                   2   N/I      0x34C      0x34D   .absSeg694
.abs_section_34e                   2   N/I      0x34E      0x34F   .absSeg695
.abs_section_350                   2   N/I      0x350      0x351   .absSeg696
.abs_section_352                   2   N/I      0x352      0x353   .absSeg697
.abs_section_354                   2   N/I      0x354      0x355   .absSeg698
.abs_section_356                   2   N/I      0x356      0x357   .absSeg699
.abs_section_358                   2   N/I      0x358      0x359   .absSeg700
.abs_section_35a                   2   N/I      0x35A      0x35B   .absSeg701
.abs_section_35c                   2   N/I      0x35C      0x35D   .absSeg702
.abs_section_35e                   2   N/I      0x35E      0x35F   .absSeg703
.abs_section_360                   2   N/I      0x360      0x361   .absSeg704
.abs_section_362                   2   N/I      0x362      0x363   .absSeg705
.abs_section_364                   2   N/I      0x364      0x365   .absSeg706
.abs_section_366                   2   N/I      0x366      0x367   .absSeg707
.abs_section_380                   2   N/I      0x380      0x381   .absSeg708
.abs_section_386                   2   N/I      0x386      0x387   .absSeg709
.abs_section_388                   2   N/I      0x388      0x389   .absSeg710
.abs_section_38a                   2   N/I      0x38A      0x38B   .absSeg711
.abs_section_38c                   2   N/I      0x38C      0x38D   .absSeg712
.abs_section_38e                   2   N/I      0x38E      0x38F   .absSeg713
.abs_section_390                   2   N/I      0x390      0x391   .absSeg714
.abs_section_392                   2   N/I      0x392      0x393   .absSeg715
.abs_section_394                   2   N/I      0x394      0x395   .absSeg716
.abs_section_396                   2   N/I      0x396      0x397   .absSeg717
.abs_section_398                   2   N/I      0x398      0x399   .absSeg718
.abs_section_39a                   2   N/I      0x39A      0x39B   .absSeg719
.abs_section_39e                   2   N/I      0x39E      0x39F   .absSeg720
.abs_section_3a2                   2   N/I      0x3A2      0x3A3   .absSeg721
.abs_section_3a4                   2   N/I      0x3A4      0x3A5   .absSeg722
.abs_section_3a6                   2   N/I      0x3A6      0x3A7   .absSeg723
.abs_section_3a8                   2   N/I      0x3A8      0x3A9   .absSeg724
.abs_section_3aa                   2   N/I      0x3AA      0x3AB   .absSeg725
.abs_section_3ac                   2   N/I      0x3AC      0x3AD   .absSeg726
.abs_section_3ae                   2   N/I      0x3AE      0x3AF   .absSeg727
.abs_section_3d4                   2   N/I      0x3D4      0x3D5   .absSeg728
.abs_section_3e0                   2   N/I      0x3E0      0x3E1   .absSeg729
.abs_section_3e2                   2   N/I      0x3E2      0x3E3   .absSeg730
.abs_section_3e4                   2   N/I      0x3E4      0x3E5   .absSeg731
.abs_section_3e6                   2   N/I      0x3E6      0x3E7   .absSeg732
.abs_section_3e8                   2   N/I      0x3E8      0x3E9   .absSeg733
.abs_section_3ea                   2   N/I      0x3EA      0x3EB   .absSeg734
.abs_section_3ec                   2   N/I      0x3EC      0x3ED   .absSeg735
.abs_section_3ee                   2   N/I      0x3EE      0x3EF   .absSeg736
.abs_section_3f2                   2   N/I      0x3F2      0x3F3   .absSeg737
.bss                             295   R/W     0x2212     0x2338   RAM
.common                         1262   R/W     0x233A     0x2827   RAM
PAGE_F2_738                    15831     R   0xF28000   0xF2BDD6   PAGE_F2
PAGE_F1_739                    15381     R   0xF18000   0xF1BC14   PAGE_F1
.vectSeg740_vect                   6     R     0xFFFA     0xFFFF   .vectSeg740

Summary of section sizes per section type:
READ_ONLY (R):       131D9 (dec:    78297)
READ_WRITE (R/W):     1EEA (dec:     7914)
NO_INIT (N/I):         383 (dec:      899)

*********************************************************************************************
VECTOR-ALLOCATION SECTION
    Address     InitValue   InitFunction
---------------------------------------------------------------------------------------------
     0xFFFA        0xFC36   HardwareDrv_COPISR
     0xFFFC        0xFC22   HardwareDrv_ClockMonitorISR
     0xFFFE        0xFC00   HardwareDrv_PwrOnISR

*********************************************************************************************
OBJECT-ALLOCATION SECTION
     Name               Module                 Addr   hSize   dSize     Ref    Section   RLIB
---------------------------------------------------------------------------------------------
MODULE:                 -- VehCo.c.o --
- PROCEDURES:
     VehCo_Init                              F38000      26      38       4   .text       
     VehCo_Manage10ms                        F38026     114     276       2   .text       
     VehCo_Manage1ms                         F3813A     111     273       2   .text       
     CAN_AccPed_Breakk                       F3824B      85     133       2   .text       
     VehCo_UpdateSig                         F382D0     2B5     693       7   .text       
     VehCo_DOset                             F38585      12      18       4   .text       
     VehCo_Monitor                           F38597       1       1       2   .text       
     BackZeroForce_Angle_Calc                F38598      5A      90       2   .text       
     Steering_Whee_Back_Zero                 F385F2      35      53       2   .text       
     Steering_Whee_Auto_Check                F38627     25C     604      18   .text       
     Auto_Hold_EPB                           F38883      35      53       2   .text       
     R_Vehco_Acceleration                    F388B8     146     326       3   .text       
     Vehco_Dang                              F389FE     132     306       3   .text       
     Vehco_Driver_Mode                       F38B30      9E     158       2   .text       
     Vehco_Errpr_Judge                       F38BCE      9A     154       2   .text       
     VehCo_StateMachine                      F38C68      3D      61       2   .text       
     VehCo_Afterrun                          F38CA5      3A      58       2   .text       
- VARIABLES:
     RightTrunSignal_state                     2200       1       1       3   .data       
     LeftTrunSignal_state                      2201       1       1       3   .data       
     Want_Dang_last                            2202       1       1       2   .data       
     Steering_Wheel_PWM_Out                    2204       2       2      13   .data       
     Failure_Recovery_Delay                    2212      18      24       3   .bss        
     Err_AccPed                                222A       1       1       3   .bss        
     Err_AccPed_Index                          222B       1       1       3   .bss        
     Fault_Detection                           222C       1       1       4   .bss        
     R_Control_Switch                          222D       1       1       3   .bss        
     Door_Switch                               222E       1       1       3   .bss        
     Vehco_Speed_Calc                          2230       2       2       2   .bss        
     D_Dang_Change_Delay_Index                 2232       2       2       5   .bss        
     Auto_Hold_Delay                           2234       1       1       1   .bss        
     Dang_R                                    2235       1       1       4   .bss        
     Dang_D                                    2236       1       1       4   .bss        
     Dang_N                                    2237       1       1       4   .bss        
     Want_Dang                                 2238       1       1      10   .bss        
     Steering_Wheel_IN1                        2239       1       1      12   .bss        
     Steering_Wheel_IN2                        223A       1       1      10   .bss        
     Steering_Wheel_Angle_BaseCAN_Max          223C       2       2       7   .bss        
     Steering_Wheel_Angle_BaseCAN_Min          223E       2       2       7   .bss        
     Wheel_Offset_Auto                         2240       2       2       7   .bss        
     Steering_Whee_Auto_Check_Mark             2242       1       1       6   .bss        
     Steering_Whee_Auto_Check_Still_Time       2243       1       1       9   .bss        
     Steering_Whee_Auto_Check_Slow_Index       2244       1       1       4   .bss        
     AccPed_CAN                                2246       2       2       2   .bss        
     Breakk_CAN                                2248       2       2       2   .bss        
     Clutch_CAN                                224A       2       2       3   .bss        
     EPB_Switch_Want                           224C       1       1       3   .bss        
     EPB_Switch_LH                             224D       1       1       2   .bss        
     EPB_Switch_HL                             224E       1       1       2   .bss        
     Steering_Whee_Check_Powon_Delay           2250       2       2       3   .bss        
     Steering_Wheel_Speed                      2252       2       2       2   .bss        
     Steering_Wheel_Angle_BaseCAN_Last         2254       2       2       2   .bss        
     Pwm_Add                                   2256       2       2      10   .bss        
     BackZeroForce_PWM                         2258       2       2       2   .bss        
     PowOn_Times                             FC0800       2       2       3   RUNPAR_EEPROM
     Afterrun_Delay_Index                      233A       2       2       4   .common     
     VehCo_tiMonitorUB                         233C       1       1       3   .common     
     VehCo_stAfterrunUB                        233D       1       1       4   .common     
     AD_fliter_index                           233E       1       1       3   .common     
     Adtmp1                                    2340       4       4       8   .common     
     Adtmp2                                    2344       4       4       8   .common     
     uAD1                                      2348       2       2       2   .common     
     uAD2                                      234A       2       2       2   .common     
     Adtmp3                                    234C       4       4       8   .common     
     Adtmp4                                    2350       4       4       8   .common     
     uAD3                                      2354       2       2       3   .common     
     uAD4                                      2356       2       2       1   .common     
     AccPed1                                   2358       2       2       4   .common     
     AccPed2                                   235A       2       2       2   .common     
     AccPed                                    235C       2       2       9   .common     
     Breakk                                    235E       2       2      10   .common     
     AccPed_Differ                             2360       2       2       2   .common     
     bLso                                      2362       1       1       3   .common     
     bHso                                      2363       1       1       3   .common     
     Error_PowOn_Delay                         2364       2       2       3   .common     
     Steering_Whee_Auto_Check_Step             2366       1       1       5   .common     
MODULE:                 -- Intpol.c.o (HardwareLib.lib) --
- PROCEDURES:
     Intpol_s16Search                        F38CDF     105     261       5   .text       
     Intpol_u16Search                        F38DE4     105     261       5   .text       
     Intpol_u16u16Calc                       F38EE9      3D      61       2   .text       
     Intpol_s16u16Calc                       F38F26      48      72       2   .text       
     Intpol_u16s16Calc                       F38F6E      49      73       2   .text       
     Intpol_s16s16Calc                       F38FB7      52      82       2   .text       
     Intpol_u16u16                           F39009      F5     245      21   .text       
     Intpol_s16u16                           F390FE      F5     245       3   .text       
     Intpol_u16s16                           F391F3      F5     245      13   .text       
     Intpol_s16s16                           F392E8      F5     245       3   .text       
- VARIABLES:
MODULE:                 -- SysCon.c.o (HardwareLib.lib) --
- PROCEDURES:
     SysCon_Init                             F393DD      91     145       4   .text       
     SysCon_1ms                              F3946E      13      19       2   .text       
     SysCon_StateMachine                     F39481      B2     178       3   .text       
     SysCon_PreDrive                         F39533      5F      95       2   .text       
     SysCon_Drive                            F39592      48      72       2   .text       
     SysCon_PostDrive                        F395DA     10B     267       4   .text       
     SysCon_Shutdown                         F396E5      E0     224       2   .text       
     SysCon_TaskManage                       F397C5      34      52       2   .text       
     SysCon_Idle                             F397F9      25      37       2   .text       
     SysCon_Sleep                            F3981E       5       5       2   .text       
     SysCon_SetTaskFinish                    F39823      15      21       2   .text       
     SysCon_SetTaskStart                     F39838      15      21       6   .text       
     SysCon_Monitor                          F3984D      1A      26       2   .text       
     SysCon_SigAcq                           F39867      16      22       2   .text       
- VARIABLES:
     SysCon_stSubOldUB                         2367       1       1       3   .common     
     SysCon_stSubNewUB                         2368       1       1      12   .common     
     SysCon_stMonNewUB                         2369       1       1       7   .common     
     SysCon_tiRunHighResiUI                    236A       4       4       6   .common     
     SysCon_tiRunMiddleUI                      236E       4       4       6   .common     
     SysCon_tiRunLowUI                         2372       4       4      10   .common     
     SysCon_tiPostDriveUI                      2376       4       4      12   .common     
     SysCon_tiPreDriveUI                       237A       4       4      12   .common     
     SysCon_tiDriveUI                          237E       4       4       8   .common     
     SysCon_tiShutdownUI                       2382       4       4       8   .common     
     SysCon_idxRunUB                           2386       1       1       3   .common     
     SysCon_stIRevShuOffUI                     2388       4       4       5   .common     
     SysCon_stRevShuOffUI                      238C       4       4       5   .common     
     SysCon_idxShutOffReqUB                    2390       1       1       5   .common     
     SysCon_stShutOffUB                        2391       1       1       6   .common     
     SysCon_stExtWaitUW                        2392       1       1       5   .common     
     SysCon_stExtWait2UW                       2393       1       1       2   .common     
     SysCon_idxMonitorUB                       2394       1       1       5   .common     
     SysCon_idxSigAcqUB                        2395       1       1       2   .common     
     SysCon_stPostDriveUB                      2396       1       1       6   .common     
     SysCon_stPreDriveUB                       2397       1       1       4   .common     
     SysCon_TaskSA                             2398      1E      30      23   .common     
MODULE:                 -- DIODrv.c.o (HardwareLib.lib) --
- PROCEDURES:
     DIODrv_Init                             F3987D      31      49       2   .text       
     DIODrv_StateUpdate                      F398AE      9E     158       3   .text       
     DIODrv_Debounce                         F3994C      7E     126       2   .text       
     DIODrv_GetChanState                     F399CA      1E      30       2   .text       
- VARIABLES:
     DIODrv_infoChanSA                         23B6      5A      90      40   .common     
MODULE:                 -- ATDDrv.c.o (HardwareLib.lib) --
- PROCEDURES:
     ATDDrv_Init                             F399E8     1A1     417       2   .text       
     ATDDrv_GetChanResult                    F39B89      18      24      22   .text       
     ATDDrv_10msAcquisition                  F39BA1      2B      43       3   .text       
     ATDDrv_1msAcquisition                   F39BCC      12      18       2   .text       
     ATDDrv_GroupAcqusition                  F39BDE      81     129       4   .text       
     ATDDrv_GroupEnable                      F39C5F      82     130       4   .text       
- VARIABLES:
     ATDDrv_stGrpUB                            2410       1       1      20   .common     
     ATDDrv_idxGrpUB                           2411       1       1      34   .common     
[...]
 |  |  |  |  |        |  |  +- D_NORMK             
 |  |  |  |  |        |  |     | 
 |  |  |  |  |        |  |     +- D_CLRK               (see above)
 |  |  |  |  |        |  |     |  
 |  |  |  |  |        |  |     +- D_MAXK              
 |  |  |  |  |        |  |        | 
 |  |  |  |  |        |  |        +- D_CLRK               (see above)
 |  |  |  |  |        |  |           
 |  |  |  |  |        |  +- D_PSHK              
 |  |  |  |  |        |       
 |  |  |  |  |        +- _DSTRUNC            
 |  |  |  |  |        |  | 
 |  |  |  |  |        |  +- D_PULL               (see above)
 |  |  |  |  |        |  |  
 |  |  |  |  |        |  +- D_TOLONGK           
 |  |  |  |  |        |  |    
 |  |  |  |  |        |  +- L_PSHK              
 |  |  |  |  |        |     | 
 |  |  |  |  |        |     +- L_NEGK              
 |  |  |  |  |        |        | 
 |  |  |  |  |        |        +- _NEG_P               (see above)
 |  |  |  |  |        |           
 |  |  |  |  |        +- _DSFLOAT            
 |  |  |  |  |           | 
 |  |  |  |  |           +- SL_PULK             
 |  |  |  |  |           |  | 
 |  |  |  |  |           |  +- L_NEGK               (see above)
 |  |  |  |  |           |     
 |  |  |  |  |           +- D_FRLONGK            (see above)
 |  |  |  |  |           |  
 |  |  |  |  |           +- D_PSHK_UNARY         (see above)
 |  |  |  |  |              
 |  |  |  |  +- MSCANDrv_CAN0ErrISR 
 |  |  |  |  |    
 |  |  |  |  +- FlashDrv_ErrISR     
 |  |  |  |  |  | 
 |  |  |  |  |  +- _CONV_NEAR_TO_GLOBAL (see above)
 |  |  |  |  |  |  
 |  |  |  |  |  +- FlashDrv_Cmd         (see above)
 |  |  |  |  |  |  
 |  |  |  |  |  +- HardwareDrv_Reset    (see above)
 |  |  |  |  |     
 |  |  |  |  +- CRGDrv_PLLLostISR   
 |  |  |  |  |  | 
 |  |  |  |  |  +- HardwareDrv_Reset    (see above)
 |  |  |  |  |     
 |  |  |  |  +- ECTDrv_TimeOverflow 
 |  |  |  |  |  | 
 |  |  |  |  |  +- ECTDrv_StartTask    
 |  |  |  |  |       
 |  |  |  |  +- ECTDrv_CH7ISR       
 |  |  |  |  |  | 
 |  |  |  |  |  +- ECTDrv_TaskActivate 
 |  |  |  |  |     | 
 |  |  |  |  |     +- _FCALL               (see above)
 |  |  |  |  |     |  
 |  |  |  |  |     +- ECTDrv_OCISR        
 |  |  |  |  |        | 
 |  |  |  |  |        +- _FCALL               (see above)
 |  |  |  |  |           
 |  |  |  |  +- ECTDrv_CH6ISR       
 |  |  |  |  |  | 
 |  |  |  |  |  +- ECTDrv_TaskActivate  (see above)
 |  |  |  |  |     
 |  |  |  |  +- ECTDrv_CH5ISR       
 |  |  |  |  |  | 
 |  |  |  |  |  +- ECTDrv_TaskActivate  (see above)
 |  |  |  |  |     
 |  |  |  |  +- ECTDrv_CH4ISR       
 |  |  |  |  |  | 
 |  |  |  |  |  +- ECTDrv_TaskActivate  (see above)
 |  |  |  |  |     
 |  |  |  |  +- ECTDrv_CH3ISR       
 |  |  |  |  |  | 
 |  |  |  |  |  +- ECTDrv_TaskActivate  (see above)
 |  |  |  |  |     
 |  |  |  |  +- ECTDrv_CH2ISR       
 |  |  |  |  |  | 
 |  |  |  |  |  +- ECTDrv_TaskActivate  (see above)
 |  |  |  |  |     
 |  |  |  |  +- ECTDrv_CH1ISR       
 |  |  |  |  |  | 
 |  |  |  |  |  +- ECTDrv_TaskActivate  (see above)
 |  |  |  |  |     
 |  |  |  |  +- ECTDrv_CH0ISR       
 |  |  |  |  |  | 
 |  |  |  |  |  +- ECTDrv_TaskActivate  (see above)
 |  |  |  |  |     
 |  |  |  |  +- CRGDrv_RTIISR       
 |  |  |  |     | 
 |  |  |  |     +- _FCALL               (see above)
 |  |  |  |        
 |  |  |  +- CRGDrv_Init          (recursive dependency)
 |  |  |  |  | 
 |  |  |  |  +- ATDDrv_10msAcquisition
 |  |  |  |  |  | 
 |  |  |  |  |  +- HardwareDrv_Reset    (see above)
 |  |  |  |  |  |  
 |  |  |  |  |  +- ATDDrv_GroupAcqusition (see above)
 |  |  |  |  |  |  
 |  |  |  |  |  +- ATDDrv_GroupEnable   (see above)
 |  |  |  |  |     
 |  |  |  |  +- DIODrv_StateUpdate  
 |  |  |  |  |  | 
 |  |  |  |  |  +- ATDDrv_GetChanResult (see above)
 |  |  |  |  |  |  
 |  |  |  |  |  +- DIODrv_Debounce     
 |  |  |  |  |       
 |  |  |  |  +- SysCon_StateMachine  (recursive dependency)
 |  |  |  |  |  | 
 |  |  |  |  |  +- BattCD_UpdateLogic  
 |  |  |  |  |  |  | 
 |  |  |  |  |  |  +- ATDDrv_GetChanResult (see above)
 |  |  |  |  |  |     
 |  |  |  |  |  +- Vehicle_Init        
 |  |  |  |  |  |  | 
 |  |  |  |  |  |  +- MainRelayCD_Init    
 |  |  |  |  |  |  |    
 |  |  |  |  |  |  +- BattCD_Init         
 |  |  |  |  |  |     | 
 |  |  |  |  |  |     +- ATDDrv_GetChanResult (see above)
 |  |  |  |  |  |     |  
 |  |  |  |  |  |     +- Intpol_u16u16       
 |  |  |  |  |  |     |  | 
 |  |  |  |  |  |     |  +- Intpol_u16Search    
 |  |  |  |  |  |     |  |    
 |  |  |  |  |  |     |  +- Intpol_u16u16Calc   
 |  |  |  |  |  |     |     | 
 |  |  |  |  |  |     |     +- _LMUL                (see above)
 |  |  |  |  |  |     |     |  
 |  |  |  |  |  |     |     +- _LDIVS               (see above)
 |  |  |  |  |  |     |        
 |  |  |  |  |  |     +- BattCD_Monitor      
 |  |  |  |  |  |          
 |  |  |  |  |  +- _CASE_CHECKED_BYTE   (see above)
 |  |  |  |  |  |  
 |  |  |  |  |  +- SysCon_PreDrive     
 |  |  |  |  |  |  | 
 |  |  |  |  |  |  +- MainRelayCD_MainSwitch (see above)
 |  |  |  |  |  |  |  
 |  |  |  |  |  |  +- VehCo_Init          
 |  |  |  |  |  |     | 
 |  |  |  |  |  |     +- srand               
 |  |  |  |  |  |     |    
 |  |  |  |  |  |     +- Vehicle_Single_Variable_Set
 |  |  |  |  |  |     |    
 |  |  |  |  |  |     +- Vehicle_Type_Set    
 |  |  |  |  |  |          
 |  |  |  |  |  +- SysCon_Drive        
 |  |  |  |  |  |  | 
 |  |  |  |  |  |  +- SysCon_Monitor      
 |  |  |  |  |  |  |  | 
 |  |  |  |  |  |  |  +- HardwareDrv_Monitor 
 |  |  |  |  |  |  |  |  | 
 |  |  |  |  |  |  |  |  +- L9825Drv_Monitor    
 |  |  |  |  |  |  |  |  |  | 
 |  |  |  |  |  |  |  |  |  +- SPIDrv_Operate       (see above)
 |  |  |  |  |  |  |  |  |     
 |  |  |  |  |  |  |  |  +- BTS724Drv_Monitor   
 |  |  |  |  |  |  |  |  |    
 |  |  |  |  |  |  |  |  +- KWP2000_Monitor     
 |  |  |  |  |  |  |  |  |  | 
 |  |  |  |  |  |  |  |  |  +- KWPCAN_Monitor      
 |  |  |  |  |  |  |  |  |       
 |  |  |  |  |  |  |  |  +- SPIDrv_Monitor      
 |  |  |  |  |  |  |  |     | 
 |  |  |  |  |  |  |  |     +- SPIDrv_Init         
 |  |  |  |  |  |  |  |          
 |  |  |  |  |  |  |  +- Vehicle_Monitor     
 |  |  |  |  |  |  |     | 
 |  |  |  |  |  |  |     +- MainRelayCD_Monitor 
 |  |  |  |  |  |  |     |    
 |  |  |  |  |  |  |     +- BattCD_Monitor       (see above)
 |  |  |  |  |  |  |        
 |  |  |  |  |  |  +- SysCon_SigAcq       
 |  |  |  |  |  |  |  | 
 |  |  |  |  |  |  |  +- Vehicle_SigAcq50ms  
 |  |  |  |  |  |  |     | 
 |  |  |  |  |  |  |     +- BattCD_Update       
 |  |  |  |  |  |  |        | 
 |  |  |  |  |  |  |        +- ATDDrv_GetChanResult (see above)
 |  |  |  |  |  |  |        |  
 |  |  |  |  |  |  |        +- Intpol_u16u16        (see above)
 |  |  |  |  |  |  |           
 |  |  |  |  |  |  +- VehCo_Manage10ms    
 |  |  |  |  |  |     | 
 |  |  |  |  |  |     +- Vehicle_Single_Variable_Set (see above)
 |  |  |  |  |  |     |  
 |  |  |  |  |  |     +- Vehicle_Type_Set     (see above)
 |  |  |  |  |  |     |  
 |  |  |  |  |  |     +- VehCo_Interface     
 |  |  |  |  |  |     |  | 
 |  |  |  |  |  |     |  +- DIODrv_GetChanState 
 |  |  |  |  |  |     |  |    
 |  |  |  |  |  |     |  +- ATDDrv_GetChanResult (see above)
 |  |  |  |  |  |     |  |  
 |  |  |  |  |  |     |  +- PSWTDrv_Interface    (see above)
 |  |  |  |  |  |     |  |  
 |  |  |  |  |  |     |  +- PSwtDrv_GetDiagStatus
 |  |  |  |  |  |     |     | 
 |  |  |  |  |  |     |     +- _CASE_CHECKED_BYTE   (see above)
 |  |  |  |  |  |     |        
 |  |  |  |  |  |     +- VehCo_UpdateSig     
 |  |  |  |  |  |     |  | 
 |  |  |  |  |  |     |  +- _CASE_CHECKED_BYTE   (see above)
 |  |  |  |  |  |     |  |  
 |  |  |  |  |  |     |  +- Intpol_u16u16        (see above)
 |  |  |  |  |  |     |  |  
 |  |  |  |  |  |     |  +- _LDIVU               (see above)
 |  |  |  |  |  |     |  |  
 |  |  |  |  |  |     |  +- abs                 
 |  |  |  |  |  |     |  |    
 |  |  |  |  |  |     |  +- _LDIVS               (see above)
 |  |  |  |  |  |     |     
 |  |  |  |  |  |     +- VehCo_Monitor       
 |  |  |  |  |  |     |    
 |  |  |  |  |  |     +- abs                  (see above)
 |  |  |  |  |  |     |  
 |  |  |  |  |  |     +- Intpol_s16s16       
 |  |  |  |  |  |     |  | 
 |  |  |  |  |  |     |  +- Intpol_s16Search    
 |  |  |  |  |  |     |  |    
 |  |  |  |  |  |     |  +- Intpol_s16s16Calc   
 |  |  |  |  |  |     |     | 
 |  |  |  |  |  |     |     +- _LMUL                (see above)
 |  |  |  |  |  |     |     |  
 |  |  |  |  |  |     |     +- _LDIVS               (see above)
 |  |  |  |  |  |     |        
 |  |  |  |  |  |     +- Steering_Whee_Auto_Check
 |  |  |  |  |  |     |  | 
 |  |  |  |  |  |     |  +- _CASE_CHECKED        (see above)
 |  |  |  |  |  |     |     
 |  |  |  |  |  |     +- BackZeroForce_Angle_Calc
 |  |  |  |  |  |     |  | 
 |  |  |  |  |  |     |  +- Intpol_s16u16       
 |  |  |  |  |  |     |     | 
 |  |  |  |  |  |     |     +- Intpol_s16Search     (see above)
 |  |  |  |  |  |     |     |  
 |  |  |  |  |  |     |     +- Intpol_s16u16Calc   
 |  |  |  |  |  |     |        | 
 |  |  |  |  |  |     |        +- _LMUL                (see above)
 |  |  |  |  |  |     |        |  
 |  |  |  |  |  |     |        +- _LDIVS               (see above)
 |  |  |  |  |  |     |           
 |  |  |  |  |  |     +- Steering_Whee_Back_Zero
 |  |  |  |  |  |     |    
 |  |  |  |  |  |     +- CAN_AccPed_Breakk   
 |  |  |  |  |  |     |  | 
 |  |  |  |  |  |     |  +- Intpol_u16u16        (see above)
 |  |  |  |  |  |     |     
 |  |  |  |  |  |     +- Vehco_Errpr_Judge   
 |  |  |  |  |  |     |    
 |  |  |  |  |  |     +- Vehco_Driver_Mode   
 |  |  |  |  |  |     |    
 |  |  |  |  |  |     +- Vehco_Dang          
 |  |  |  |  |  |     |    
 |  |  |  |  |  |     +- R_Vehco_Acceleration
 |  |  |  |  |  |     |  | 
 |  |  |  |  |  |     |  +- Intpol_u16s16       
 |  |  |  |  |  |     |  |  | 
 |  |  |  |  |  |     |  |  +- Intpol_u16Search     (see above)
 |  |  |  |  |  |     |  |  |  
 |  |  |  |  |  |     |  |  +- Intpol_u16s16Calc   
 |  |  |  |  |  |     |  |     | 
 |  |  |  |  |  |     |  |     +- _LMUL                (see above)
 |  |  |  |  |  |     |  |     |  
 |  |  |  |  |  |     |  |     +- _LDIVS               (see above)
 |  |  |  |  |  |     |  |        
 |  |  |  |  |  |     |  +- abs                  (see above)
 |  |  |  |  |  |     |     
 |  |  |  |  |  |     +- Auto_Hold_EPB       
 |  |  |  |  |  |     |    
 |  |  |  |  |  |     +- VehCo_DOset         
 |  |  |  |  |  |     |    
 |  |  |  |  |  |     +- VehCo_StateMachine  
 |  |  |  |  |  |     |  | 
 |  |  |  |  |  |     |  +- VehCo_Init           (see above)
 |  |  |  |  |  |     |  |  
 |  |  |  |  |  |     |  +- VehCo_DOset          (see above)
 |  |  |  |  |  |     |  |  
 |  |  |  |  |  |     |  +- VehCo_UpdateSig      (see above)
 |  |  |  |  |  |     |     
 |  |  |  |  |  |     +- VehCo_Afterrun      
 |  |  |  |  |  |          
 |  |  |  |  |  +- SysCon_PostDrive    
 |  |  |  |  |  |  | 
 |  |  |  |  |  |  +- _CASE_CHECKED_BYTE   (see above)
 |  |  |  |  |  |  |  
 |  |  |  |  |  |  +- SysCon_SetTaskStart 
 |  |  |  |  |  |       
 |  |  |  |  |  +- L9825Drv_Ctl        
 |  |  |  |  |  |  | 
 |  |  |  |  |  |  +- _CASE_SEARCH_8_BYTE  (see above)
 |  |  |  |  |  |  |  
 |  |  |  |  |  |  +- L9825Drv_SetFreq     (see above)
 |  |  |  |  |  |  |  
 |  |  |  |  |  |  +- L9825Drv_OutputPWM   (see above)
 |  |  |  |  |  |  |  
 |  |  |  |  |  |  +- L9825Drv_Output      (see above)
 |  |  |  |  |  |  |  
 |  |  |  |  |  |  +- PWMDrv_SetFuncState  (see above)
 |  |  |  |  |  |     
 |  |  |  |  |  +- BTS724Drv_Ctl       
 |  |  |  |  |  |  | 
 |  |  |  |  |  |  +- BTS724Drv_Output    
 |  |  |  |  |  |       
 |  |  |  |  |  +- SysCon_Shutdown      (recursive dependency)
 |  |  |  |  |     | 
 |  |  |  |  |     +- SysCon_Init          (see above) (recursive dependency)
 |  |  |  |  |     |  
 |  |  |  |  |     +- _CASE_CHECKED_BYTE   (see above)
 |  |  |  |  |     |  
 |  |  |  |  |     +- _LCMP                (see above)
 |  |  |  |  |     |  
 |  |  |  |  |     +- SysCon_SetTaskStart  (see above)
 |  |  |  |  |     |  
 |  |  |  |  |     +- MainRelayCD_MainSwitch (see above)
 |  |  |  |  |     |  
 |  |  |  |  |     +- SysCon_Sleep        
 |  |  |  |  |        | 
 |  |  |  |  |        +- HardwareDrv_Sleep   
 |  |  |  |  |           | 
 |  |  |  |  |           +- L9825Drv_Shutdown   
 |  |  |  |  |           |  | 
 |  |  |  |  |           |  +- L9825Drv_Output      (see above)
 |  |  |  |  |           |     
 |  |  |  |  |           +- BTS724Drv_Shutdown  
 |  |  |  |  |                
 |  |  |  |  +- CCP_DAQ10ms         
 |  |  |  |  |  | 
 |  |  |  |  |  +- CCP_Daq             
 |  |  |  |  |     | 
 |  |  |  |  |     +- CCP_SampleAndTransmitDtm
 |  |  |  |  |        | 
 |  |  |  |  |        +- _CONV_NEAR_TO_GLOBAL (see above)
 |  |  |  |  |        |  
 |  |  |  |  |        +- _FPCMP               (see above)
 |  |  |  |  |        |  
 |  |  |  |  |        +- CCP_QueueWrite      
 |  |  |  |  |        |    
 |  |  |  |  |        +- _COPY                (see above)
 |  |  |  |  |        |  
 |  |  |  |  |        +- MSCANDrv_SendMsgCAN2 (see above)
 |  |  |  |  |           
 |  |  |  |  +- CCP_DAQ100ms        
 |  |  |  |     | 
 |  |  |  |     +- CCP_Daq              (see above)
 |  |  |  |        
 |  |  |  +- MemDrv_Init         
 |  |  |  |  | 
 |  |  |  |  +- RAMDrv_Init         
 |  |  |  |  |  | 
 |  |  |  |  |  +- RAMDrv_IntRamTest   
 |  |  |  |  |  |  | 
 |  |  |  |  |  |  +- RAMDrv_WriteTest    
 |  |  |  |  |  |  |    
 |  |  |  |  |  |  +- HardwareDrv_Reset    (see above)
 |  |  |  |  |  |     
 |  |  |  |  |  +- RAMDrv_ExtRamTest   
 |  |  |  |  |  |    
 |  |  |  |  |  +- RAMDrv_ExtRamTotalTest
 |  |  |  |  |       
 |  |  |  |  +- FlashDrv_Init       
 |  |  |  |  |  | 
 |  |  |  |  |  +- EOLData_Init        
 |  |  |  |  |       
 |  |  |  |  +- EEPROMDrv_Init      
 |  |  |  |     | 
 |  |  |  |     +- _CONV_NEAR_TO_GLOBAL (see above)
 |  |  |  |     |  
 |  |  |  |     +- FlashDrv_Cmd         (see above)
 |  |  |  |     |  
 |  |  |  |     +- EEPROMDrv_Read      
 |  |  |  |        | 
 |  |  |  |        +- EEPROMDrv_BlkRead   
 |  |  |  |           | 
 |  |  |  |           +- EEPROMDrv_ReadCheck 
 |  |  |  |           |  | 
 |  |  |  |           |  +- ComLib_ChkSumCalc    (see above)
 |  |  |  |           |  |  
 |  |  |  |           |  +- _CONV_NEAR_TO_GLOBAL (see above)
 |  |  |  |           |  |  
 |  |  |  |           |  +- EEPROMDrv_DataCopy  
 |  |  |  |           |       
 |  |  |  |           +- EEPROMDrv_DataCopy   (see above)
 |  |  |  |              
 |  |  |  +- HardwareDrv_UpdateResetInfo
 |  |  |  |    
 |  |  |  +- PITDrv_Init         
 |  |  |  |    
 |  |  |  +- ECTDrv_Init         
 |  |  |  |    
 |  |  |  +- TIMDrv_Init         
 |  |  |  |    
 |  |  |  +- XGATE_Init          
 |  |  |  |  | 
 |  |  |  |  +- XGATE_VectorTable   
 |  |  |  |     | 
 |  |  |  |     +- __X_ErrorHandler    
 |  |  |  |     |    
 |  |  |  |     +- __X_TIMDrv_OverflowISRXGATE
 |  |  |  |     |  | 
 |  |  |  |     |  +- __X_TIMDrv_OCTask   
 |  |  |  |     |       
 |  |  |  |     +- __X_TIMDrv_OCISRXGATE
 |  |  |  |     |  | 
 |  |  |  |     |  +- __X_TIMDrv_OCTask    (see above)
 |  |  |  |     |     
 |  |  |  |     +- __X_ATDDrv_QueueConv
 |  |  |  |        | 
 |  |  |  |        +- __X_IMODS           
 |  |  |  |           | 
 |  |  |  |           +- __X_IDIVU           
 |  |  |  |                
 |  |  |  +- Map_Init            
 |  |  |  |  | 
 |  |  |  |  +- Map_Copy            
 |  |  |  |       
 |  |  |  +- SPIDrv_Init          (see above)
 |  |  |  |  
 |  |  |  +- SCIDrv_Init         
 |  |  |  |    
 |  |  |  +- MSCANDrv_Init       
 |  |  |  |    
 |  |  |  +- ATDDrv_Init         
 |  |  |  |    
 |  |  |  +- DIODrv_Init         
 |  |  |  |    
 |  |  |  +- PWMDrv_Init         
 |  |  |  |  | 
 |  |  |  |  +- _LDIVU               (see above)
 |  |  |  |     
 |  |  |  +- L9825Drv_Init       
 |  |  |  |  | 
 |  |  |  |  +- L9825Drv_SetFreq     (see above)
 |  |  |  |  |  
 |  |  |  |  +- L9825Drv_OutputPWM   (see above)
 |  |  |  |     
 |  |  |  +- BTS724Drv_Init      
 |  |  |  |    
 |  |  |  +- PSWTDrv_Init        
 |  |  |  |    
 |  |  |  +- CCP_Init            
 |  |  |  |  | 
 |  |  |  |  +- _FPCMP               (see above)
 |  |  |  |  |  
 |  |  |  |  +- _LADD                (see above)
 |  |  |  |     
 |  |  |  +- KWP2000_Init        
 |  |  |  |  | 
 |  |  |  |  +- KWPCAN_Init         
 |  |  |  |       
 |  |  |  +- ECUTest_Init         (see above)
 |  |  |     
 |  |  +- EEPROMDrv_PostDriveBegin
 |  |  |    
 |  |  +- EEPROMDrv_PostDriveEnd
 |  |  |    
 |  |  +- EEPROMDrv_ShutDown  
 |  |     | 
 |  |     +- ComLib_ChkSumCalc    (see above)
 |  |     |  
 |  |     +- EEPROMDrv_BlkSave   
 |  |     |  | 
 |  |     |  +- ComLib_ChkSumCalc    (see above)
 |  |     |  |  
 |  |     |  +- _CONV_NEAR_TO_GLOBAL (see above)
 |  |     |  |  
 |  |     |  +- EEPROMDrv_DataCopy   (see above)
 |  |     |     
 |  |     +- EEPROMDrv_EnableEEE  (see above)
 |  |     |  
 |  |     +- EEPROMDrv_DisableEEE (see above)
 |  |        
 |  +- SysCon_Idle         
 |     | 
 |     +- HardwareDrv_Idle    
 |     |  | 
 |     |  +- CRGDrv_TaskManage   
 |     |     | 
 |     |     +- _FCALL               (see above)
 |     |        
 |     +- SysCon_TaskManage   
 |     |  | 
 |     |  +- _FCALL               (see above)
 |     |  |  
 |     |  +- SysCon_SetTaskFinish
 |     |       
 |     +- KWP2000_Send        
 |     |  | 
 |     |  +- KWPCAN_SendData     
 |     |     | 
 |     |     +- _COPY                (see above)
 |     |     |  
 |     |     +- MSCANDrv_SendMsgCAN2 (see above)
 |     |        
 |     +- FlashDrv_Check      
 |     |  | 
 |     |  +- FlashDrv_MapCheck   
 |     |  |  | 
 |     |  |  +- FlashDrv_DataCheck  
 |     |  |     | 
 |     |  |     +- ComLib_ChkSumCalc    (see above)
 |     |  |        
 |     |  +- FlashDrv_ProCheck   
 |     |  |  | 
 |     |  |  +- _CONV_NEAR_TO_GLOBAL (see above)
 |     |  |  |  
 |     |  |  +- ComLib_ChkSumCalc    (see above)
 |     |  |     
 |     |  +- FlashDrv_MapVersionCheck
 |     |  |  | 
 |     |  |  +- FlashDrv_GetNum     
 |     |  |       
 |     |  +- FlashDrv_ProInfoCheck
 |     |  |  | 
 |     |  |  +- Bootloader_Manage_PIC (see above)
 |     |  |  |  
 |     |  |  +- Bootloader_CopyFlash2Ram (see above)
 |     |  |     
 |     |  +- EOLData_Check       
 |     |     | 
 |     |     +- ComLib_ChkSumCalc    (see above)
 |     |        
 |     +- EEPROMDrv_ShutDown   (see above)
 |        
 +- _Startup            
    | 
    +- Init                
    |    
    +- main                 (see above)
       
 HardwareDrv_PwrOnISR
 | 
 +- Bootloader_Entry    
 |  | 
 |  +- Bootloader_Init     
 |  |  | 
 |  |  +- Bootloader_PLLInit  
 |  |  |    
 |  |  +- Bootloader_FlashCmd  (see above)
 |  |  |  
 |  |  +- Bootloader_CopyFlash2Ram (see above)
 |  |     
 |  +- Bootloader_ChkSumCalc (see above)
 |  |  
 |  +- Bootloader_MapCheck  (see above)
 |  |  
 |  +- Bootloader_MapVersionCheck (see above)
 |  |  
 |  +- Bootloader_ProCheck  (see above)
 |  |  
 |  +- Bootloader_Main      (see above)
 |     
 +- _Startup             (see above)
    
 HardwareDrv_ClockMonitorISR
 | 
 +- Bootloader_Entry     (see above)
 |  
 +- _Startup             (see above)
    
 HardwareDrv_COPISR  
 | 
 +- Bootloader_Entry     (see above)
 |  
 +- _Startup             (see above)
    
*********************************************************************************************
STATISTIC SECTION
---------------------------------------------------------------------------------------------

ExeFile:
--------
Number of blocks to be downloaded: 28
Total size of all blocks to be downloaded: 78297

